
There are no discarded input sections

Memory Configuration

Name             Origin             Length             Attributes
*default*        0x00000000         0xffffffff

Linker script and memory map

                0xc0001000                        . = 0xc0001000
                0xc0001000                        __text_start = .

.text           0xc0001000     0xe04d load address 0x00001000
 startup.o(.text)
 .text          0xc0001000       0xae startup.o
                0xc0001000                startup
 kernel.o(.text)
 .text          0xc00010ae      0x2fa kernel.o
                0xc00010ae                start_kernel
 *(.text)
 .text          0xc00013a8      0x8a9 vga.o
                0xc00013a8                _pos_putc
                0xc00013d5                _kputc
                0xc0001506                _kputs
                0xc00015b0                _kvsnprintf
                0xc000194a                _kprintf
                0xc0001989                _kprintb
                0xc0001a10                _kprintb16
                0xc0001a52                _kprintb32
                0xc0001a8c                clr_screen
                0xc0001acf                screen_scrollup
                0xc0001b59                screen_pointset
                0xc0001b6f                screen_setcolor
                0xc0001b87                init_screen
                0xc0001bc5                screen_save_prompt
                0xc0001bdf                debug_print
 .text          0xc0001c51       0x7c brk.o
                0xc0001c51                sys_brk
 .text          0xc0001ccd      0x2d7 chdir.o
                0xc0001ccd                sys_chdir
 .text          0xc0001fa4      0x5d3 elfloader.o
                0xc0001fa4                elf_loader
                0xc000240c                open_env
 .text          0xc0002577      0x6c6 execve.o
                0xc00025eb                sys_fork
                0xc00025fd                kernel_execve
                0xc0002632                sys_execve
 .text          0xc0002c3d     0x210f ext3fs.o
                0xc0002cb1                init_ext3fs
                0xc0003c58                get_dentry_from_current
                0xc0003c7c                get_dentry_absolutely
                0xc0003d22                ext3_open
                0xc0004096                ext3_read
                0xc000461d                ext3_write
                0xc0004890                ext3_mkdir
                0xc0004a1f                ext3_ls
                0xc0004ac0                ext3_flush
                0xc0004c4e                ext3_dirty_print
 .text          0xc0004d4c      0x1a3 fs.o
                0xc0004d4c                lseek
                0xc0004dec                close
                0xc0004e08                fs_stdio_open
 .text          0xc0004eef      0x147 gdt.o
                0xc0004eef                makeGdt
                0xc0004fa3                getGdt
                0xc0004fcb                allocSel
                0xc0004ff2                init_setupgdt
 .text          0xc0005036      0xad3 idt.o
                0xc000508b                set_intr_gate
                0xc00050bd                set_trap_gate
                0xc00050ef                set_task_gate
                0xc0005121                init_setupidthandlers
                0xc00052fa                i00h
                0xc0005318                i01h
                0xc0005336                i02h
                0xc0005354                i03h
                0xc0005372                i04h
                0xc0005390                i05h
                0xc00053ae                i06h
                0xc00053cc                i07h
                0xc00053ea                i08h
                0xc0005408                i09h
                0xc0005426                i0Ah
                0xc0005444                i0Bh
                0xc0005462                i0Ch
                0xc0005480                i0Dh
                0xc00054e3                i0Eh
                0xc0005539                i10h
                0xc0005557                i11h
                0xc0005575                i12h
                0xc0005593                i13h
                0xc00055b1                i20h_pictimer
                0xc00055c7                i21h_keyhandler
                0xc00056ba                interrupt_selector
                0xc00056d6                defaulthandler
                0xc00057d3                set_intr_bit
                0xc0005892                enable_pic_interrupt
                0xc000595c                disable_pic_interrupt
                0xc0005a22                get_interrupt_bit_low
                0xc0005a3e                get_interrupt_bit_high
                0xc0005a5d                init_setupidt
                0xc0005aa2                wait_interrupt
                0xc0005aa8                pic_eoi
 .text          0xc0005b09      0x1bc key.o
                0xc0005b09                init_key
                0xc0005b43                get_keymap
                0xc0005b5c                get_shiftkeymap
                0xc0005b75                set_stdin
                0xc0005c25                get_stdin
 .text          0xc0005cc5      0xf47 memory.o
                0xc0005cc5                init_mem
                0xc0005cd8                init_mem_core
                0xc0005eee                kfree
                0xc0005ff9                kalloc
                0xc00061da                afree
                0xc0006223                aalloc
                0xc0006627                _kprint_mem
                0xc00068cb                palloc
                0xc0006a12                pfree
                0xc0006bb8                get_realaddr
 .text          0xc0006c0c      0x3e7 page.o
                0xc0006c0c                init_paging
                0xc0006c59                create_kernel_page
                0xc0006cc2                create_process_page
                0xc0006de4                set_process_page
 .text          0xc0006ff3       0x8d pit8254.o
                0xc0006ff3                init_pit
                0xc0007046                sys_timer
                0xc0007055                kwait
 .text          0xc0007080      0x85c process.o
                0xc00070a1                init_process
                0xc00071a9                set_context
                0xc00072b0                i20h_do_timer
                0xc00073d6                save_process
                0xc000757a                schedule
                0xc0007708                sys_exit
                0xc000774f                sys_waitpid
                0xc00077ee                to_usermode
                0xc0007800                to_kernelmode
                0xc0007812                is_usermode
 .text          0xc00078dc       0x4d semaphore.o
                0xc00078dc                binary_up
                0xc0007903                binary_down
 .text          0xc0007929      0x14d signal.o
                0xc0007929                sys_signal
                0xc000799b                sys_kill
                0xc0007a44                signal_dummy
                0xc0007a5d                core_dump
 .text          0xc0007a76      0x735 syscall.o
                0xc0007a76                init_syscall
                0xc0007a94                i80h_syscall
 .text          0xc00081ab      0x360 /Users/sodeyama/git/sodex/src/drivers/ata.o
                0xc00081ef                ata_read
                0xc0008375                ata_write
                0xc0008484                ata_init
 .text          0xc000850b      0x21d /Users/sodeyama/git/sodex/src/drivers/dma.o
                0xc000850b                init_dma
                0xc000858c                dma_start
                0xc00085a4                dma_stop
                0xc00085bc                init_dma_r
                0xc000867a                init_dma_w
 .text          0xc0008728      0x9ce /Users/sodeyama/git/sodex/src/drivers/floppy.o
                0xc0008728                init_fdc
                0xc000877a                i26h_fdchandler
                0xc0008c7a                fdc_rowread
                0xc0008dac                fdc_read
                0xc0008f1a                fdc_rowwrite
                0xc000904b                fdc_write
 .text          0xc00090f6      0x1de /Users/sodeyama/git/sodex/src/drivers/mstorage.o
                0xc00090f6                mst_data_out
                0xc00091e5                mst_data_in
 .text          0xc00092d4      0x999 /Users/sodeyama/git/sodex/src/drivers/ne2000.o
                0xc00092d4                init_ne2000
                0xc000942d                i2Bh_ne2000_interrupt
                0xc00094cc                ne2000_send
                0xc00095c3                ne2000_receive
                0xc0009bc4                send_test
 .text          0xc0009c6d      0x63d /Users/sodeyama/git/sodex/src/drivers/pci.o
                0xc0009c6d                init_pci
                0xc0009ca4                pci_read_config
 .text          0xc000a2aa      0x34a /Users/sodeyama/git/sodex/src/drivers/rs232c.o
                0xc000a2aa                init_serial
                0xc000a346                com1_printf
                0xc000a47c                com1_puts
                0xc000a4ab                com1_putc
                0xc000a4ca                com1_putb8
                0xc000a551                com1_putb16
                0xc000a593                com1_putb32
                0xc000a5cd                com1_tx
 .text          0xc000a5f4      0x104 /Users/sodeyama/git/sodex/src/drivers/scsi.o
                0xc000a5f4                scsi_init
                0xc000a60e                scsi_read
                0xc000a683                scsi_write
 .text          0xc000a6f8     0x1384 /Users/sodeyama/git/sodex/src/drivers/uhci-hcd.o
                0xc000a6f8                init_uhci
                0xc000ad01                intr_uhcihandler
                0xc000b82e                bulk_out
                0xc000b948                bulk_in
 .text          0xc000ba7c       0x12 /Users/sodeyama/git/sodex/src/lib/delay.o
                0xc000ba7c                delay
 .text          0xc000ba8e       0x78 /Users/sodeyama/git/sodex/src/lib/lib.o
                0xc000ba8e                pow
                0xc000babf                logn
 .text          0xc000bb06      0x135 /Users/sodeyama/git/sodex/src/lib/memb.o
                0xc000bb06                memb_init
                0xc000bb5b                memb_alloc
                0xc000bbc0                memb_free
 .text          0xc000bc3b      0x212 /Users/sodeyama/git/sodex/src/lib/string.o
                0xc000bc3b                strlen
                0xc000bc63                strcmp
                0xc000bca2                strncmp
                0xc000bcf8                strcpy
                0xc000bd28                strncpy
                0xc000bd7e                strchr
                0xc000bdb5                strrchr
                0xc000bdf5                memcmp
 .text          0xc000be4d        0x6 /Users/sodeyama/git/sodex/src/net/clock-arch.o
                0xc000be4d                clock_time
 .text          0xc000be53       0xe6 /Users/sodeyama/git/sodex/src/net/ether.o
                0xc000be53                ether_send
 .text          0xc000bf39       0x24 /Users/sodeyama/git/sodex/src/net/tapdev.o
                0xc000bf39                tapdev_init
                0xc000bf3f                tapdev_read
                0xc000bf57                tapdev_send
 .text          0xc000bf5d       0x6b /Users/sodeyama/git/sodex/src/net/timer.o
                0xc000bf5d                timer_set
                0xc000bf79                timer_reset
                0xc000bf91                timer_restart
                0xc000bfa4                timer_expired
 .text          0xc000bfc8      0x6e0 /Users/sodeyama/git/sodex/src/net/uip_arp.o
                0xc000bfc8                uip_arp_init
                0xc000c01d                uip_arp_timer
                0xc000c296                uip_arp_arpin
                0xc000c438                uip_arp_out
 .text          0xc000c6a8       0x23 /Users/sodeyama/git/sodex/src/net/uip-conf.o
                0xc000c6a8                tcpip_output
                0xc000c6ae                uip_appcall
                0xc000c6b4                uip_log
 .text          0xc000c6cb      0x557 /Users/sodeyama/git/sodex/src/net/uip-fw.o
                0xc000c6cb                uip_fw_init
                0xc000c9ef                uip_fw_output
                0xc000ca2c                uip_fw_forward
                0xc000cbc1                uip_fw_register
                0xc000cbda                uip_fw_default
                0xc000cbe8                uip_fw_periodic
 .text          0xc000cc22      0x1b8 /Users/sodeyama/git/sodex/src/net/uip-split.o
                0xc000cc22                uip_split_output
 .text          0xc000cdda     0x1db7 /Users/sodeyama/git/sodex/src/net/uip.o
                0xc000cdda                uip_setipid
                0xc000cdf4                uip_add32
                0xc000cf8e                uip_chksum
                0xc000cfbe                uip_ipchksum
                0xc000d08d                uip_tcpchksum
                0xc000d0a2                uip_udpchksum
                0xc000d0b7                uip_init
                0xc000d135                uip_connect
                0xc000d2cb                uip_unlisten
                0xc000d32b                uip_listen
                0xc000d3ef                uip_process
                0xc000eb2e                htons
                0xc000eb50                uip_send
 .text          0xc000eb91       0xa5 /Users/sodeyama/git/sodex/src/net/uiplib.o
                0xc000eb91                uiplib_ipaddrconv
 .text          0xc000ec36      0x1d8 sys_core.o
                0xc000ec36                enableInterrupt
                0xc000ec38                disableInterrupt
                0xc000ec3a                is_enableInterrupt
                0xc000ec57                out8
                0xc000ec64                out16
                0xc000ec73                out32
                0xc000ec80                in8
                0xc000ec8c                in16
                0xc000ec97                in32
                0xc000eca1                _poscolor_printc
                0xc000eccc                lgdt
                0xc000ecd7                lidt
                0xc000ece2                ltr
                0xc000ecee                memset
                0xc000ed04                memcpy
                0xc000ed1c                print_registers
                0xc000ed98                switch_to_outer_privilege
                0xc000edd6                switch_to_same_privilege
 *fill*         0xc000ee0e        0x2 
 .text          0xc000ee10      0x1f6 ihandlers.o
                0xc000ee10                asm_defaulthandler
                0xc000ee1c                asm_i00h
                0xc000ee28                asm_i01h
                0xc000ee34                asm_i02h
                0xc000ee40                asm_i03h
                0xc000ee4c                asm_i04h
                0xc000ee58                asm_i05h
                0xc000ee64                asm_i06h
                0xc000ee70                asm_i07h
                0xc000ee7c                asm_i08h
                0xc000ee88                asm_i09h
                0xc000ee94                asm_i0Ah
                0xc000eea0                asm_i0Bh
                0xc000eeac                asm_i0Ch
                0xc000eeb8                asm_i0Dh
                0xc000eecc                asm_i0Eh
                0xc000eed8                asm_i10h
                0xc000eee4                asm_i11h
                0xc000eef0                asm_i12h
                0xc000eefc                asm_i13h
                0xc000ef08                asm_process_switch
                0xc000ef64                asm_pictimer
                0xc000ef6c                asm_i21h
                0xc000ef7c                asm_fdchandler
                0xc000ef88                asm_uhcihandler
                0xc000ef94                asm_i2Bh
                0xc000efa0                asm_syscall
 .text          0xc000f006       0x47 page_asm.o
                0xc000f006                pg_enable_pse
                0xc000f010                pg_disable_pse
                0xc000f01a                pg_enable_paging
                0xc000f026                pg_disable_paging
                0xc000f032                pg_load_cr3
                0xc000f042                pg_get_cr3
                0xc000f046                pg_flush_tlb
                0xc000f04d                        __text_end = .
                0xc000f04d                        __rodata_start = .

.rodata         0xc000f050     0x14b1 load address 0x0000f050
 vga.o(.rodata)
 .rodata        0xc000f050       0x7a vga.o
 *(.rodata)
 *fill*         0xc000f0ca        0x6 
 .rodata        0xc000f0d0      0x1d0 kernel.o
 .rodata        0xc000f2a0        0x7 chdir.o
 *fill*         0xc000f2a7        0x1 
 .rodata        0xc000f2a8      0x112 elfloader.o
 *fill*         0xc000f3ba        0x2 
 .rodata        0xc000f3bc       0xa1 execve.o
 *fill*         0xc000f45d        0x3 
 .rodata        0xc000f460      0x32b ext3fs.o
 *fill*         0xc000f78b        0x1 
 .rodata        0xc000f78c       0x26 fs.o
 *fill*         0xc000f7b2        0x2 
 .rodata        0xc000f7b4      0x254 idt.o
 .rodata        0xc000fa08      0x17e memory.o
 *fill*         0xc000fb86        0x2 
 .rodata        0xc000fb88       0x31 page.o
 *fill*         0xc000fbb9        0x3 
 .rodata        0xc000fbbc       0xde process.o
 .rodata        0xc000fc9a       0x19 signal.o
 .rodata        0xc000fcb3       0x22 syscall.o
 *fill*         0xc000fcd5        0x3 
 .rodata        0xc000fcd8       0xab /Users/sodeyama/git/sodex/src/drivers/ata.o
 *fill*         0xc000fd83        0x1 
 .rodata        0xc000fd84      0x386 /Users/sodeyama/git/sodex/src/drivers/floppy.o
 .rodata        0xc001010a       0x32 /Users/sodeyama/git/sodex/src/drivers/ne2000.o
 .rodata        0xc001013c       0x70 /Users/sodeyama/git/sodex/src/drivers/pci.o
 .rodata        0xc00101ac      0x227 /Users/sodeyama/git/sodex/src/drivers/uhci-hcd.o
 .rodata        0xc00103d3        0xc /Users/sodeyama/git/sodex/src/net/ether.o
 *fill*         0xc00103df        0x1 
 .rodata        0xc00103e0        0xc /Users/sodeyama/git/sodex/src/net/uip_arp.o
 .rodata        0xc00103ec      0x115 /Users/sodeyama/git/sodex/src/net/uip.o
                0xc0010501                        __rodata_end = .
                0xc0011000                        . = ALIGN (0x1000)
                0xc0011000                        __data_start = .

.data           0xc0011000      0x656 load address 0x00011000
 startup.o(.data)
 .data          0xc0011000      0x406 startup.o
                0xc0011000                gdtr
                0xc0011006                gdt
 *(.data)
 .data          0xc0011406        0x0 kernel.o
 .data          0xc0011406        0x1 vga.o
                0xc0011406                gColor
 .data          0xc0011407        0x0 brk.o
 .data          0xc0011407        0x0 chdir.o
 *fill*         0xc0011407        0x1 
 .data          0xc0011408        0x4 elfloader.o
 .data          0xc001140c        0x0 execve.o
 .data          0xc001140c        0x0 ext3fs.o
 .data          0xc001140c        0x0 fs.o
 .data          0xc001140c        0x0 gdt.o
 .data          0xc001140c        0x8 idt.o
 *fill*         0xc0011414        0xc 
 .data          0xc0011420      0x200 key.o
 .data          0xc0011620        0x0 memory.o
 .data          0xc0011620        0x0 page.o
 .data          0xc0011620        0x0 pit8254.o
 .data          0xc0011620        0x0 process.o
 .data          0xc0011620        0x0 semaphore.o
 .data          0xc0011620        0x0 signal.o
 .data          0xc0011620        0x0 syscall.o
 .data          0xc0011620        0x0 /Users/sodeyama/git/sodex/src/drivers/ata.o
 .data          0xc0011620        0x0 /Users/sodeyama/git/sodex/src/drivers/dma.o
 .data          0xc0011620        0x0 /Users/sodeyama/git/sodex/src/drivers/floppy.o
 .data          0xc0011620        0x0 /Users/sodeyama/git/sodex/src/drivers/mstorage.o
 .data          0xc0011620        0x0 /Users/sodeyama/git/sodex/src/drivers/ne2000.o
 .data          0xc0011620       0x20 /Users/sodeyama/git/sodex/src/drivers/pci.o
 .data          0xc0011640        0x0 /Users/sodeyama/git/sodex/src/drivers/rs232c.o
 .data          0xc0011640        0x0 /Users/sodeyama/git/sodex/src/drivers/scsi.o
 .data          0xc0011640        0x0 /Users/sodeyama/git/sodex/src/drivers/uhci-hcd.o
 .data          0xc0011640        0x0 /Users/sodeyama/git/sodex/src/lib/delay.o
 .data          0xc0011640        0x0 /Users/sodeyama/git/sodex/src/lib/lib.o
 .data          0xc0011640        0x0 /Users/sodeyama/git/sodex/src/lib/memb.o
 .data          0xc0011640        0x0 /Users/sodeyama/git/sodex/src/lib/string.o
 .data          0xc0011640        0x0 /Users/sodeyama/git/sodex/src/net/clock-arch.o
 .data          0xc0011640        0x0 /Users/sodeyama/git/sodex/src/net/ether.o
 .data          0xc0011640        0x0 /Users/sodeyama/git/sodex/src/net/tapdev.o
 .data          0xc0011640        0x0 /Users/sodeyama/git/sodex/src/net/timer.o
 .data          0xc0011640        0x0 /Users/sodeyama/git/sodex/src/net/uip_arp.o
 .data          0xc0011640        0x0 /Users/sodeyama/git/sodex/src/net/uip-conf.o
 .data          0xc0011640        0x0 /Users/sodeyama/git/sodex/src/net/uip-fw.o
 .data          0xc0011640        0x0 /Users/sodeyama/git/sodex/src/net/uip-split.o
 .data          0xc0011640        0x0 /Users/sodeyama/git/sodex/src/net/uip.o
 .data          0xc0011640        0x0 /Users/sodeyama/git/sodex/src/net/uiplib.o
 .data          0xc0011640       0x16 sys_core.o
 .data          0xc0011656        0x0 ihandlers.o
 .data          0xc0011656        0x0 page_asm.o
                0xc0011656                        __data_end = .
                0xc0012000                        . = ALIGN (0x1000)

.bss.page_aligned
                0xc0012000     0x3000 load address 0x00012000
                0xc0012000                        first_pg_dir = .
 *(.bss.page_aligned)
 .bss.page_aligned
                0xc0012000     0x3000 startup.o
                0xc0013000                first_pg_tbl1
                0xc0014000                first_pg_tbl2
                0xc0100000                        . = 0xc0100000
                0xc0100000                        . = ALIGN (0x1000)
                0xc0100000                        __bss_start = .

.bss            0xc0100000   0x2338a8 load address 0x00100000
                0xc0100000                        pg_dir = .
                0xc0101000                        . = (. + 0x1000)
 *fill*         0xc0100000     0x1000 
 *(.bss)
 .bss           0xc0101000        0x0 startup.o
 .bss           0xc0101000    0x2f1a4 kernel.o
                0xc0101000                memhole
                0xc0129000                p_memhole
                0xc012e000                muse_list
                0xc012e014                mfree_list
                0xc012e028                mhole_list
                0xc012e03c                p_muse_list
                0xc012e050                p_mfree_list
                0xc012e064                p_mhole_list
                0xc012e078                dma_trans
                0xc012e080                rootdir
                0xc012e084                rootdirty
                0xc012e0a0                gtask
                0xc012e124                rawdev
                0xc012e12c                current
                0xc0130140                pci_info
                0xc0130160                usb_info
                0xc01301a0                frame_list
 .bss           0xc01301a4       0x10 vga.o
 *fill*         0xc01301b4        0xc 
 .bss           0xc01301c0     0x20c0 brk.o
 .bss           0xc0132280       0xac chdir.o
 *fill*         0xc013232c       0x14 
 .bss           0xc0132340    0x2f140 elfloader.o
 .bss           0xc0161480    0x2f142 execve.o
 *fill*         0xc01905c2       0x1e 
 .bss           0xc01905e0    0x34540 ext3fs.o
 .bss           0xc01c4b20       0xb0 fs.o
 .bss           0xc01c4bd0        0x2 gdt.o
 *fill*         0xc01c4bd2        0xe 
 .bss           0xc01c4be0    0x2d88c idt.o
 .bss           0xc01f246c        0x8 key.o
 *fill*         0xc01f2474        0xc 
 .bss           0xc01f2480    0x2d078 memory.o
 *fill*         0xc021f4f8        0x8 
 .bss           0xc021f500     0x2000 page.o
 .bss           0xc0221500       0xb0 pit8254.o
 *fill*         0xc02215b0       0x10 
 .bss           0xc02215c0    0x2f1a8 process.o
 .bss           0xc0250768        0x0 semaphore.o
 *fill*         0xc0250768       0x18 
 .bss           0xc0250780       0xb0 signal.o
 *fill*         0xc0250830       0x10 
 .bss           0xc0250840      0x268 syscall.o
                0xc0250900                uip_buf
                0xc0250aa6                uip_len
 .bss           0xc0250aa8        0x0 /Users/sodeyama/git/sodex/src/drivers/ata.o
 .bss           0xc0250aa8        0x8 /Users/sodeyama/git/sodex/src/drivers/dma.o
 *fill*         0xc0250ab0       0x10 
 .bss           0xc0250ac0    0x2d558 /Users/sodeyama/git/sodex/src/drivers/floppy.o
 *fill*         0xc027e018        0x8 
 .bss           0xc027e020    0x2d0cc /Users/sodeyama/git/sodex/src/drivers/mstorage.o
 *fill*         0xc02ab0ec       0x14 
 .bss           0xc02ab100      0x1cc /Users/sodeyama/git/sodex/src/drivers/ne2000.o
                0xc02ab104                nic_info
                0xc02ab108                cur_nic_info
                0xc02ab2c8                io_base
 *fill*         0xc02ab2cc       0x14 
 .bss           0xc02ab2e0    0x2d0ec /Users/sodeyama/git/sodex/src/drivers/pci.o
 .bss           0xc02d83cc        0x0 /Users/sodeyama/git/sodex/src/drivers/rs232c.o
 *fill*         0xc02d83cc       0x14 
 .bss           0xc02d83e0    0x2d12c /Users/sodeyama/git/sodex/src/drivers/scsi.o
 *fill*         0xc030550c       0x14 
 .bss           0xc0305520    0x2d0f4 /Users/sodeyama/git/sodex/src/drivers/uhci-hcd.o
 .bss           0xc0332614        0x0 /Users/sodeyama/git/sodex/src/lib/delay.o
 .bss           0xc0332614        0x0 /Users/sodeyama/git/sodex/src/lib/lib.o
 .bss           0xc0332614        0x0 /Users/sodeyama/git/sodex/src/lib/memb.o
 .bss           0xc0332614        0x0 /Users/sodeyama/git/sodex/src/lib/string.o
 .bss           0xc0332614        0x0 /Users/sodeyama/git/sodex/src/net/clock-arch.o
 *fill*         0xc0332614        0xc 
 .bss           0xc0332620      0x1a8 /Users/sodeyama/git/sodex/src/net/ether.o
 *fill*         0xc03327c8       0x18 
 .bss           0xc03327e0      0x1b0 /Users/sodeyama/git/sodex/src/net/tapdev.o
 .bss           0xc0332990        0x0 /Users/sodeyama/git/sodex/src/net/timer.o
 *fill*         0xc0332990       0x10 
 .bss           0xc03329a0      0x228 /Users/sodeyama/git/sodex/src/net/uip_arp.o
 .bss           0xc0332bc8        0x0 /Users/sodeyama/git/sodex/src/net/uip-conf.o
 *fill*         0xc0332bc8       0x18 
 .bss           0xc0332be0      0x1cc /Users/sodeyama/git/sodex/src/net/uip-fw.o
 *fill*         0xc0332dac       0x14 
 .bss           0xc0332dc0      0x1a8 /Users/sodeyama/git/sodex/src/net/uip-split.o
 *fill*         0xc0332f68       0x18 
 .bss           0xc0332f80      0x77a /Users/sodeyama/git/sodex/src/net/uip.o
                0xc0333128                uip_hostaddr
                0xc033312c                uip_draddr
                0xc0333130                uip_netmask
                0xc0333134                uip_ethaddr
                0xc033313c                uip_appdata
                0xc0333140                uip_sappdata
                0xc0333144                uip_slen
                0xc0333146                uip_flags
                0xc0333148                uip_conn
                0xc0333160                uip_conns
                0xc0333660                uip_listenports
                0xc03336b0                uip_acc32
                0xc03336c0                uip_stat
 *fill*         0xc03336fa        0x6 
 .bss           0xc0333700      0x1a8 /Users/sodeyama/git/sodex/src/net/uiplib.o
 .bss           0xc03338a8        0x0 sys_core.o
 .bss           0xc03338a8        0x0 ihandlers.o
 .bss           0xc03338a8        0x0 page_asm.o
 *(COMMON)
                0xc03338a8                        __bss_end = .
LOAD brk.o
LOAD chdir.o
LOAD elfloader.o
LOAD execve.o
LOAD ext3fs.o
LOAD fs.o
LOAD gdt.o
LOAD idt.o
LOAD kernel.o
LOAD key.o
LOAD memory.o
LOAD page.o
LOAD pit8254.o
LOAD process.o
LOAD semaphore.o
LOAD signal.o
LOAD syscall.o
LOAD vga.o
LOAD /Users/sodeyama/git/sodex/src/drivers/ata.o
LOAD /Users/sodeyama/git/sodex/src/drivers/dma.o
LOAD /Users/sodeyama/git/sodex/src/drivers/floppy.o
LOAD /Users/sodeyama/git/sodex/src/drivers/mstorage.o
LOAD /Users/sodeyama/git/sodex/src/drivers/ne2000.o
LOAD /Users/sodeyama/git/sodex/src/drivers/pci.o
LOAD /Users/sodeyama/git/sodex/src/drivers/rs232c.o
LOAD /Users/sodeyama/git/sodex/src/drivers/scsi.o
LOAD /Users/sodeyama/git/sodex/src/drivers/uhci-hcd.o
LOAD /Users/sodeyama/git/sodex/src/lib/delay.o
LOAD /Users/sodeyama/git/sodex/src/lib/lib.o
LOAD /Users/sodeyama/git/sodex/src/lib/memb.o
LOAD /Users/sodeyama/git/sodex/src/lib/string.o
LOAD /Users/sodeyama/git/sodex/src/net/clock-arch.o
LOAD /Users/sodeyama/git/sodex/src/net/ether.o
LOAD /Users/sodeyama/git/sodex/src/net/tapdev.o
LOAD /Users/sodeyama/git/sodex/src/net/timer.o
LOAD /Users/sodeyama/git/sodex/src/net/uip_arp.o
LOAD /Users/sodeyama/git/sodex/src/net/uip-conf.o
LOAD /Users/sodeyama/git/sodex/src/net/uip-fw.o
LOAD /Users/sodeyama/git/sodex/src/net/uip-split.o
LOAD /Users/sodeyama/git/sodex/src/net/uip.o
LOAD /Users/sodeyama/git/sodex/src/net/uiplib.o
LOAD startup.o
LOAD sys_core.o
LOAD ihandlers.o
LOAD page_asm.o
OUTPUT(/Users/sodeyama/git/sodex/src/bin/kernel.bin binary)

.debug_info     0x00000000    0x12c9d
 .debug_info    0x00000000      0xe6f kernel.o
 .debug_info    0x00000e6f      0x4f1 vga.o
 .debug_info    0x00001360      0x9c4 brk.o
 .debug_info    0x00001d24      0xbd0 chdir.o
 .debug_info    0x000028f4     0x10c6 elfloader.o
 .debug_info    0x000039ba      0xea8 execve.o
 .debug_info    0x00004862     0x1eea ext3fs.o
 .debug_info    0x0000674c      0xa49 fs.o
 .debug_info    0x00007195      0x233 gdt.o
 .debug_info    0x000073c8      0x97b idt.o
 .debug_info    0x00007d43      0x293 key.o
 .debug_info    0x00007fd6      0x689 memory.o
 .debug_info    0x0000865f      0x3f7 page.o
 .debug_info    0x00008a56      0x997 pit8254.o
 .debug_info    0x000093ed     0x13f2 process.o
 .debug_info    0x0000a7df       0xae semaphore.o
 .debug_info    0x0000a88d      0xa5a signal.o
 .debug_info    0x0000b2e7      0xff5 syscall.o
 .debug_info    0x0000c2dc      0x26b /Users/sodeyama/git/sodex/src/drivers/ata.o
 .debug_info    0x0000c547      0x15a /Users/sodeyama/git/sodex/src/drivers/dma.o
 .debug_info    0x0000c6a1     0x10bb /Users/sodeyama/git/sodex/src/drivers/floppy.o
 .debug_info    0x0000d75c      0x556 /Users/sodeyama/git/sodex/src/drivers/mstorage.o
 .debug_info    0x0000dcb2      0x583 /Users/sodeyama/git/sodex/src/drivers/ne2000.o
 .debug_info    0x0000e235      0x7fe /Users/sodeyama/git/sodex/src/drivers/pci.o
 .debug_info    0x0000ea33      0x252 /Users/sodeyama/git/sodex/src/drivers/rs232c.o
 .debug_info    0x0000ec85      0xb98 /Users/sodeyama/git/sodex/src/drivers/scsi.o
 .debug_info    0x0000f81d      0xfd6 /Users/sodeyama/git/sodex/src/drivers/uhci-hcd.o
 .debug_info    0x000107f3       0x82 /Users/sodeyama/git/sodex/src/lib/delay.o
 .debug_info    0x00010875       0xdb /Users/sodeyama/git/sodex/src/lib/lib.o
 .debug_info    0x00010950      0x172 /Users/sodeyama/git/sodex/src/lib/memb.o
 .debug_info    0x00010ac2      0x291 /Users/sodeyama/git/sodex/src/lib/string.o
 .debug_info    0x00010d53       0x55 /Users/sodeyama/git/sodex/src/net/clock-arch.o
 .debug_info    0x00010da8      0x18f /Users/sodeyama/git/sodex/src/net/ether.o
 .debug_info    0x00010f37      0x13b /Users/sodeyama/git/sodex/src/net/tapdev.o
 .debug_info    0x00011072      0x110 /Users/sodeyama/git/sodex/src/net/timer.o
 .debug_info    0x00011182      0x4b9 /Users/sodeyama/git/sodex/src/net/uip_arp.o
 .debug_info    0x0001163b       0xb5 /Users/sodeyama/git/sodex/src/net/uip-conf.o
 .debug_info    0x000116f0      0x618 /Users/sodeyama/git/sodex/src/net/uip-fw.o
 .debug_info    0x00011d08      0x2c3 /Users/sodeyama/git/sodex/src/net/uip-split.o
 .debug_info    0x00011fcb      0xba6 /Users/sodeyama/git/sodex/src/net/uip.o
 .debug_info    0x00012b71      0x12c /Users/sodeyama/git/sodex/src/net/uiplib.o

.debug_abbrev   0x00000000     0x49d3
 .debug_abbrev  0x00000000      0x28a kernel.o
 .debug_abbrev  0x0000028a      0x1e6 vga.o
 .debug_abbrev  0x00000470      0x1bd brk.o
 .debug_abbrev  0x0000062d      0x204 chdir.o
 .debug_abbrev  0x00000831      0x256 elfloader.o
 .debug_abbrev  0x00000a87      0x26d execve.o
 .debug_abbrev  0x00000cf4      0x36e ext3fs.o
 .debug_abbrev  0x00001062      0x1ea fs.o
 .debug_abbrev  0x0000124c      0x144 gdt.o
 .debug_abbrev  0x00001390      0x29c idt.o
 .debug_abbrev  0x0000162c      0x164 key.o
 .debug_abbrev  0x00001790      0x2e6 memory.o
 .debug_abbrev  0x00001a76      0x1c1 page.o
 .debug_abbrev  0x00001c37      0x1d5 pit8254.o
 .debug_abbrev  0x00001e0c      0x35b process.o
 .debug_abbrev  0x00002167       0x94 semaphore.o
 .debug_abbrev  0x000021fb      0x1f9 signal.o
 .debug_abbrev  0x000023f4      0x30d syscall.o
 .debug_abbrev  0x00002701      0x145 /Users/sodeyama/git/sodex/src/drivers/ata.o
 .debug_abbrev  0x00002846       0xf8 /Users/sodeyama/git/sodex/src/drivers/dma.o
 .debug_abbrev  0x0000293e      0x318 /Users/sodeyama/git/sodex/src/drivers/floppy.o
 .debug_abbrev  0x00002c56      0x1f8 /Users/sodeyama/git/sodex/src/drivers/mstorage.o
 .debug_abbrev  0x00002e4e      0x2a2 /Users/sodeyama/git/sodex/src/drivers/ne2000.o
 .debug_abbrev  0x000030f0      0x287 /Users/sodeyama/git/sodex/src/drivers/pci.o
 .debug_abbrev  0x00003377       0xf2 /Users/sodeyama/git/sodex/src/drivers/rs232c.o
 .debug_abbrev  0x00003469      0x1eb /Users/sodeyama/git/sodex/src/drivers/scsi.o
 .debug_abbrev  0x00003654      0x34d /Users/sodeyama/git/sodex/src/drivers/uhci-hcd.o
 .debug_abbrev  0x000039a1       0x69 /Users/sodeyama/git/sodex/src/lib/delay.o
 .debug_abbrev  0x00003a0a       0x8d /Users/sodeyama/git/sodex/src/lib/lib.o
 .debug_abbrev  0x00003a97      0x112 /Users/sodeyama/git/sodex/src/lib/memb.o
 .debug_abbrev  0x00003ba9       0xd6 /Users/sodeyama/git/sodex/src/lib/string.o
 .debug_abbrev  0x00003c7f       0x4f /Users/sodeyama/git/sodex/src/net/clock-arch.o
 .debug_abbrev  0x00003cce      0x11e /Users/sodeyama/git/sodex/src/net/ether.o
 .debug_abbrev  0x00003dec       0xe8 /Users/sodeyama/git/sodex/src/net/tapdev.o
 .debug_abbrev  0x00003ed4      0x105 /Users/sodeyama/git/sodex/src/net/timer.o
 .debug_abbrev  0x00003fd9      0x1eb /Users/sodeyama/git/sodex/src/net/uip_arp.o
 .debug_abbrev  0x000041c4       0xa1 /Users/sodeyama/git/sodex/src/net/uip-conf.o
 .debug_abbrev  0x00004265      0x22f /Users/sodeyama/git/sodex/src/net/uip-fw.o
 .debug_abbrev  0x00004494      0x150 /Users/sodeyama/git/sodex/src/net/uip-split.o
 .debug_abbrev  0x000045e4      0x33e /Users/sodeyama/git/sodex/src/net/uip.o
 .debug_abbrev  0x00004922       0xb1 /Users/sodeyama/git/sodex/src/net/uiplib.o

.debug_aranges  0x00000000      0x520
 .debug_aranges
                0x00000000       0x20 kernel.o
 .debug_aranges
                0x00000020       0x20 vga.o
 .debug_aranges
                0x00000040       0x20 brk.o
 .debug_aranges
                0x00000060       0x20 chdir.o
 .debug_aranges
                0x00000080       0x20 elfloader.o
 .debug_aranges
                0x000000a0       0x20 execve.o
 .debug_aranges
                0x000000c0       0x20 ext3fs.o
 .debug_aranges
                0x000000e0       0x20 fs.o
 .debug_aranges
                0x00000100       0x20 gdt.o
 .debug_aranges
                0x00000120       0x20 idt.o
 .debug_aranges
                0x00000140       0x20 key.o
 .debug_aranges
                0x00000160       0x20 memory.o
 .debug_aranges
                0x00000180       0x20 page.o
 .debug_aranges
                0x000001a0       0x20 pit8254.o
 .debug_aranges
                0x000001c0       0x20 process.o
 .debug_aranges
                0x000001e0       0x20 semaphore.o
 .debug_aranges
                0x00000200       0x20 signal.o
 .debug_aranges
                0x00000220       0x20 syscall.o
 .debug_aranges
                0x00000240       0x20 /Users/sodeyama/git/sodex/src/drivers/ata.o
 .debug_aranges
                0x00000260       0x20 /Users/sodeyama/git/sodex/src/drivers/dma.o
 .debug_aranges
                0x00000280       0x20 /Users/sodeyama/git/sodex/src/drivers/floppy.o
 .debug_aranges
                0x000002a0       0x20 /Users/sodeyama/git/sodex/src/drivers/mstorage.o
 .debug_aranges
                0x000002c0       0x20 /Users/sodeyama/git/sodex/src/drivers/ne2000.o
 .debug_aranges
                0x000002e0       0x20 /Users/sodeyama/git/sodex/src/drivers/pci.o
 .debug_aranges
                0x00000300       0x20 /Users/sodeyama/git/sodex/src/drivers/rs232c.o
 .debug_aranges
                0x00000320       0x20 /Users/sodeyama/git/sodex/src/drivers/scsi.o
 .debug_aranges
                0x00000340       0x20 /Users/sodeyama/git/sodex/src/drivers/uhci-hcd.o
 .debug_aranges
                0x00000360       0x20 /Users/sodeyama/git/sodex/src/lib/delay.o
 .debug_aranges
                0x00000380       0x20 /Users/sodeyama/git/sodex/src/lib/lib.o
 .debug_aranges
                0x000003a0       0x20 /Users/sodeyama/git/sodex/src/lib/memb.o
 .debug_aranges
                0x000003c0       0x20 /Users/sodeyama/git/sodex/src/lib/string.o
 .debug_aranges
                0x000003e0       0x20 /Users/sodeyama/git/sodex/src/net/clock-arch.o
 .debug_aranges
                0x00000400       0x20 /Users/sodeyama/git/sodex/src/net/ether.o
 .debug_aranges
                0x00000420       0x20 /Users/sodeyama/git/sodex/src/net/tapdev.o
 .debug_aranges
                0x00000440       0x20 /Users/sodeyama/git/sodex/src/net/timer.o
 .debug_aranges
                0x00000460       0x20 /Users/sodeyama/git/sodex/src/net/uip_arp.o
 .debug_aranges
                0x00000480       0x20 /Users/sodeyama/git/sodex/src/net/uip-conf.o
 .debug_aranges
                0x000004a0       0x20 /Users/sodeyama/git/sodex/src/net/uip-fw.o
 .debug_aranges
                0x000004c0       0x20 /Users/sodeyama/git/sodex/src/net/uip-split.o
 .debug_aranges
                0x000004e0       0x20 /Users/sodeyama/git/sodex/src/net/uip.o
 .debug_aranges
                0x00000500       0x20 /Users/sodeyama/git/sodex/src/net/uiplib.o

.debug_line     0x00000000     0x6565
 .debug_line    0x00000000      0x125 kernel.o
 .debug_line    0x00000125      0x47c vga.o
 .debug_line    0x000005a1       0xa6 brk.o
 .debug_line    0x00000647      0x19a chdir.o
 .debug_line    0x000007e1      0x2a1 elfloader.o
 .debug_line    0x00000a82      0x311 execve.o
 .debug_line    0x00000d93      0xbc8 ext3fs.o
 .debug_line    0x0000195b      0x10e fs.o
 .debug_line    0x00001a69       0xc0 gdt.o
 .debug_line    0x00001b29      0x335 idt.o
 .debug_line    0x00001e5e      0x11e key.o
 .debug_line    0x00001f7c      0x5e6 memory.o
 .debug_line    0x00002562      0x23c page.o
 .debug_line    0x0000279e       0x9f pit8254.o
 .debug_line    0x0000283d      0x3da process.o
 .debug_line    0x00002c17       0x8b semaphore.o
 .debug_line    0x00002ca2      0x102 signal.o
 .debug_line    0x00002da4      0x304 syscall.o
 .debug_line    0x000030a8      0x19f /Users/sodeyama/git/sodex/src/drivers/ata.o
 .debug_line    0x00003247       0xc5 /Users/sodeyama/git/sodex/src/drivers/dma.o
 .debug_line    0x0000330c      0x44b /Users/sodeyama/git/sodex/src/drivers/floppy.o
 .debug_line    0x00003757       0xd7 /Users/sodeyama/git/sodex/src/drivers/mstorage.o
 .debug_line    0x0000382e      0x384 /Users/sodeyama/git/sodex/src/drivers/ne2000.o
 .debug_line    0x00003bb2      0x2af /Users/sodeyama/git/sodex/src/drivers/pci.o
 .debug_line    0x00003e61      0x15c /Users/sodeyama/git/sodex/src/drivers/rs232c.o
 .debug_line    0x00003fbd       0xf5 /Users/sodeyama/git/sodex/src/drivers/scsi.o
 .debug_line    0x000040b2      0x6bd /Users/sodeyama/git/sodex/src/drivers/uhci-hcd.o
 .debug_line    0x0000476f       0x54 /Users/sodeyama/git/sodex/src/lib/delay.o
 .debug_line    0x000047c3       0x88 /Users/sodeyama/git/sodex/src/lib/lib.o
 .debug_line    0x0000484b      0x104 /Users/sodeyama/git/sodex/src/lib/memb.o
 .debug_line    0x0000494f      0x213 /Users/sodeyama/git/sodex/src/lib/string.o
 .debug_line    0x00004b62       0x51 /Users/sodeyama/git/sodex/src/net/clock-arch.o
 .debug_line    0x00004bb3       0x9a /Users/sodeyama/git/sodex/src/net/ether.o
 .debug_line    0x00004c4d       0x76 /Users/sodeyama/git/sodex/src/net/tapdev.o
 .debug_line    0x00004cc3       0xaf /Users/sodeyama/git/sodex/src/net/timer.o
 .debug_line    0x00004d72      0x31b /Users/sodeyama/git/sodex/src/net/uip_arp.o
 .debug_line    0x0000508d       0x5e /Users/sodeyama/git/sodex/src/net/uip-conf.o
 .debug_line    0x000050eb      0x3a0 /Users/sodeyama/git/sodex/src/net/uip-fw.o
 .debug_line    0x0000548b      0x148 /Users/sodeyama/git/sodex/src/net/uip-split.o
 .debug_line    0x000055d3      0xed4 /Users/sodeyama/git/sodex/src/net/uip.o
 .debug_line    0x000064a7       0xbe /Users/sodeyama/git/sodex/src/net/uiplib.o

.debug_str      0x00000000     0xa239
 .debug_str     0x00000000      0x852 kernel.o
 .debug_str     0x00000852      0x201 vga.o
 .debug_str     0x00000a53      0x602 brk.o
 .debug_str     0x00001055      0x643 chdir.o
 .debug_str     0x00001698      0x8f1 elfloader.o
 .debug_str     0x00001f89      0x7c6 execve.o
 .debug_str     0x0000274f      0xe6f ext3fs.o
 .debug_str     0x000035be      0x5fe fs.o
 .debug_str     0x00003bbc      0x1ac gdt.o
 .debug_str     0x00003d68      0x523 idt.o
 .debug_str     0x0000428b      0x178 key.o
 .debug_str     0x00004403      0x2d0 memory.o
 .debug_str     0x000046d3      0x258 page.o
 .debug_str     0x0000492b      0x5d6 pit8254.o
 .debug_str     0x00004f01      0x929 process.o
 .debug_str     0x0000582a      0x100 semaphore.o
 .debug_str     0x0000592a      0x611 signal.o
 .debug_str     0x00005f3b      0x7e7 syscall.o
 .debug_str     0x00006722      0x14a /Users/sodeyama/git/sodex/src/drivers/ata.o
 .debug_str     0x0000686c      0x129 /Users/sodeyama/git/sodex/src/drivers/dma.o
 .debug_str     0x00006995      0x8b2 /Users/sodeyama/git/sodex/src/drivers/floppy.o
 .debug_str     0x00007247      0x2d5 /Users/sodeyama/git/sodex/src/drivers/mstorage.o
 .debug_str     0x0000751c      0x2ca /Users/sodeyama/git/sodex/src/drivers/ne2000.o
 .debug_str     0x000077e6      0x412 /Users/sodeyama/git/sodex/src/drivers/pci.o
 .debug_str     0x00007bf8      0x148 /Users/sodeyama/git/sodex/src/drivers/rs232c.o
 .debug_str     0x00007d40      0x68f /Users/sodeyama/git/sodex/src/drivers/scsi.o
 .debug_str     0x000083cf      0x775 /Users/sodeyama/git/sodex/src/drivers/uhci-hcd.o
 .debug_str     0x00008b44       0xd2 /Users/sodeyama/git/sodex/src/lib/delay.o
 .debug_str     0x00008c16       0xc7 /Users/sodeyama/git/sodex/src/lib/lib.o
 .debug_str     0x00008cdd      0x115 /Users/sodeyama/git/sodex/src/lib/memb.o
 .debug_str     0x00008df2      0x118 /Users/sodeyama/git/sodex/src/lib/string.o
 .debug_str     0x00008f0a       0x9d /Users/sodeyama/git/sodex/src/net/clock-arch.o
 .debug_str     0x00008fa7      0x16d /Users/sodeyama/git/sodex/src/net/ether.o
 .debug_str     0x00009114      0x119 /Users/sodeyama/git/sodex/src/net/tapdev.o
 .debug_str     0x0000922d       0xe4 /Users/sodeyama/git/sodex/src/net/timer.o
 .debug_str     0x00009311      0x2c4 /Users/sodeyama/git/sodex/src/net/uip_arp.o
 .debug_str     0x000095d5       0xec /Users/sodeyama/git/sodex/src/net/uip-conf.o
 .debug_str     0x000096c1      0x30a /Users/sodeyama/git/sodex/src/net/uip-fw.o
 .debug_str     0x000099cb      0x1f6 /Users/sodeyama/git/sodex/src/net/uip-split.o
 .debug_str     0x00009bc1      0x567 /Users/sodeyama/git/sodex/src/net/uip.o
 .debug_str     0x0000a128      0x111 /Users/sodeyama/git/sodex/src/net/uiplib.o

.debug_line_str
                0x00000000     0x2391
 .debug_line_str
                0x00000000      0x156 kernel.o
 .debug_line_str
                0x00000156       0xb5 vga.o
 .debug_line_str
                0x0000020b      0x101 brk.o
 .debug_line_str
                0x0000030c      0x100 chdir.o
 .debug_line_str
                0x0000040c      0x12e elfloader.o
 .debug_line_str
                0x0000053a      0x13b execve.o
 .debug_line_str
                0x00000675      0x121 ext3fs.o
 .debug_line_str
                0x00000796       0xfd fs.o
 .debug_line_str
                0x00000893       0xb3 gdt.o
 .debug_line_str
                0x00000946       0xd9 idt.o
 .debug_line_str
                0x00000a1f       0xac key.o
 .debug_line_str
                0x00000acb       0xbe memory.o
 .debug_line_str
                0x00000b89       0xb0 page.o
 .debug_line_str
                0x00000c39      0x10b pit8254.o
 .debug_line_str
                0x00000d44      0x147 process.o
 .debug_line_str
                0x00000e8b       0x8b semaphore.o
 .debug_line_str
                0x00000f16      0x103 signal.o
 .debug_line_str
                0x00001019      0x174 syscall.o
 .debug_line_str
                0x0000118d       0xc1 /Users/sodeyama/git/sodex/src/drivers/ata.o
 .debug_line_str
                0x0000124e       0xc4 /Users/sodeyama/git/sodex/src/drivers/dma.o
 .debug_line_str
                0x00001312      0x14f /Users/sodeyama/git/sodex/src/drivers/floppy.o
 .debug_line_str
                0x00001461       0xea /Users/sodeyama/git/sodex/src/drivers/mstorage.o
 .debug_line_str
                0x0000154b       0xf1 /Users/sodeyama/git/sodex/src/drivers/ne2000.o
 .debug_line_str
                0x0000163c       0xe1 /Users/sodeyama/git/sodex/src/drivers/pci.o
 .debug_line_str
                0x0000171d       0xcd /Users/sodeyama/git/sodex/src/drivers/rs232c.o
 .debug_line_str
                0x000017ea      0x128 /Users/sodeyama/git/sodex/src/drivers/scsi.o
 .debug_line_str
                0x00001912      0x104 /Users/sodeyama/git/sodex/src/drivers/uhci-hcd.o
 .debug_line_str
                0x00001a16       0x8e /Users/sodeyama/git/sodex/src/lib/delay.o
 .debug_line_str
                0x00001aa4       0x56 /Users/sodeyama/git/sodex/src/lib/lib.o
 .debug_line_str
                0x00001afa       0x97 /Users/sodeyama/git/sodex/src/lib/memb.o
 .debug_line_str
                0x00001b91       0x91 /Users/sodeyama/git/sodex/src/lib/string.o
 .debug_line_str
                0x00001c22       0x9e /Users/sodeyama/git/sodex/src/net/clock-arch.o
 .debug_line_str
                0x00001cc0       0xd4 /Users/sodeyama/git/sodex/src/net/ether.o
 .debug_line_str
                0x00001d94       0xc8 /Users/sodeyama/git/sodex/src/net/tapdev.o
 .debug_line_str
                0x00001e5c       0x9f /Users/sodeyama/git/sodex/src/net/timer.o
 .debug_line_str
                0x00001efb       0xde /Users/sodeyama/git/sodex/src/net/uip_arp.o
 .debug_line_str
                0x00001fd9       0x91 /Users/sodeyama/git/sodex/src/net/uip-conf.o
 .debug_line_str
                0x0000206a       0xe5 /Users/sodeyama/git/sodex/src/net/uip-fw.o
 .debug_line_str
                0x0000214f       0xbb /Users/sodeyama/git/sodex/src/net/uip-split.o
 .debug_line_str
                0x0000220a       0xbf /Users/sodeyama/git/sodex/src/net/uip.o
 .debug_line_str
                0x000022c9       0xc8 /Users/sodeyama/git/sodex/src/net/uiplib.o

.comment        0x00000000      0x30b
 .comment       0x00000000       0x13 kernel.o
 .comment       0x00000013       0x13 vga.o
 .comment       0x00000026       0x13 brk.o
 .comment       0x00000039       0x13 chdir.o
 .comment       0x0000004c       0x13 elfloader.o
 .comment       0x0000005f       0x13 execve.o
 .comment       0x00000072       0x13 ext3fs.o
 .comment       0x00000085       0x13 fs.o
 .comment       0x00000098       0x13 gdt.o
 .comment       0x000000ab       0x13 idt.o
 .comment       0x000000be       0x13 key.o
 .comment       0x000000d1       0x13 memory.o
 .comment       0x000000e4       0x13 page.o
 .comment       0x000000f7       0x13 pit8254.o
 .comment       0x0000010a       0x13 process.o
 .comment       0x0000011d       0x13 semaphore.o
 .comment       0x00000130       0x13 signal.o
 .comment       0x00000143       0x13 syscall.o
 .comment       0x00000156       0x13 /Users/sodeyama/git/sodex/src/drivers/ata.o
 .comment       0x00000169       0x13 /Users/sodeyama/git/sodex/src/drivers/dma.o
 .comment       0x0000017c       0x13 /Users/sodeyama/git/sodex/src/drivers/floppy.o
 .comment       0x0000018f       0x13 /Users/sodeyama/git/sodex/src/drivers/mstorage.o
 .comment       0x000001a2       0x13 /Users/sodeyama/git/sodex/src/drivers/ne2000.o
 .comment       0x000001b5       0x13 /Users/sodeyama/git/sodex/src/drivers/pci.o
 .comment       0x000001c8       0x13 /Users/sodeyama/git/sodex/src/drivers/rs232c.o
 .comment       0x000001db       0x13 /Users/sodeyama/git/sodex/src/drivers/scsi.o
 .comment       0x000001ee       0x13 /Users/sodeyama/git/sodex/src/drivers/uhci-hcd.o
 .comment       0x00000201       0x13 /Users/sodeyama/git/sodex/src/lib/delay.o
 .comment       0x00000214       0x13 /Users/sodeyama/git/sodex/src/lib/lib.o
 .comment       0x00000227       0x13 /Users/sodeyama/git/sodex/src/lib/memb.o
 .comment       0x0000023a       0x13 /Users/sodeyama/git/sodex/src/lib/string.o
 .comment       0x0000024d       0x13 /Users/sodeyama/git/sodex/src/net/clock-arch.o
 .comment       0x00000260       0x13 /Users/sodeyama/git/sodex/src/net/ether.o
 .comment       0x00000273       0x13 /Users/sodeyama/git/sodex/src/net/tapdev.o
 .comment       0x00000286       0x13 /Users/sodeyama/git/sodex/src/net/timer.o
 .comment       0x00000299       0x13 /Users/sodeyama/git/sodex/src/net/uip_arp.o
 .comment       0x000002ac       0x13 /Users/sodeyama/git/sodex/src/net/uip-conf.o
 .comment       0x000002bf       0x13 /Users/sodeyama/git/sodex/src/net/uip-fw.o
 .comment       0x000002d2       0x13 /Users/sodeyama/git/sodex/src/net/uip-split.o
 .comment       0x000002e5       0x13 /Users/sodeyama/git/sodex/src/net/uip.o
 .comment       0x000002f8       0x13 /Users/sodeyama/git/sodex/src/net/uiplib.o

.debug_frame    0x00000000     0x2cd8
 .debug_frame   0x00000000       0x6c kernel.o
 .debug_frame   0x0000006c      0x21c vga.o
 .debug_frame   0x00000288       0x34 brk.o
 .debug_frame   0x000002bc       0x80 chdir.o
 .debug_frame   0x0000033c       0x7c elfloader.o
 .debug_frame   0x000003b8      0x17c execve.o
 .debug_frame   0x00000534      0x484 ext3fs.o
 .debug_frame   0x000009b8       0x74 fs.o
 .debug_frame   0x00000a2c       0x94 gdt.o
 .debug_frame   0x00000ac0      0x41c idt.o
 .debug_frame   0x00000edc       0xbc key.o
 .debug_frame   0x00000f98      0x254 memory.o
 .debug_frame   0x000011ec       0xd4 page.o
 .debug_frame   0x000012c0       0x94 pit8254.o
 .debug_frame   0x00001354      0x1fc process.o
 .debug_frame   0x00001550       0x54 semaphore.o
 .debug_frame   0x000015a4       0x98 signal.o
 .debug_frame   0x0000163c      0x174 syscall.o
 .debug_frame   0x000017b0       0xb8 /Users/sodeyama/git/sodex/src/drivers/ata.o
 .debug_frame   0x00001868       0xb4 /Users/sodeyama/git/sodex/src/drivers/dma.o
 .debug_frame   0x0000191c      0x2a0 /Users/sodeyama/git/sodex/src/drivers/floppy.o
 .debug_frame   0x00001bbc       0x54 /Users/sodeyama/git/sodex/src/drivers/mstorage.o
 .debug_frame   0x00001c10      0x1cc /Users/sodeyama/git/sodex/src/drivers/ne2000.o
 .debug_frame   0x00001ddc      0x16c /Users/sodeyama/git/sodex/src/drivers/pci.o
 .debug_frame   0x00001f48      0x114 /Users/sodeyama/git/sodex/src/drivers/rs232c.o
 .debug_frame   0x0000205c       0x74 /Users/sodeyama/git/sodex/src/drivers/scsi.o
 .debug_frame   0x000020d0      0x380 /Users/sodeyama/git/sodex/src/drivers/uhci-hcd.o
 .debug_frame   0x00002450       0x34 /Users/sodeyama/git/sodex/src/lib/delay.o
 .debug_frame   0x00002484       0x54 /Users/sodeyama/git/sodex/src/lib/lib.o
 .debug_frame   0x000024d8       0x74 /Users/sodeyama/git/sodex/src/lib/memb.o
 .debug_frame   0x0000254c      0x114 /Users/sodeyama/git/sodex/src/lib/string.o
 .debug_frame   0x00002660       0x34 /Users/sodeyama/git/sodex/src/net/clock-arch.o
 .debug_frame   0x00002694       0x34 /Users/sodeyama/git/sodex/src/net/ether.o
 .debug_frame   0x000026c8       0x74 /Users/sodeyama/git/sodex/src/net/tapdev.o
 .debug_frame   0x0000273c       0x94 /Users/sodeyama/git/sodex/src/net/timer.o
 .debug_frame   0x000027d0       0xb8 /Users/sodeyama/git/sodex/src/net/uip_arp.o
 .debug_frame   0x00002888       0x74 /Users/sodeyama/git/sodex/src/net/uip-conf.o
 .debug_frame   0x000028fc      0x154 /Users/sodeyama/git/sodex/src/net/uip-fw.o
 .debug_frame   0x00002a50       0x34 /Users/sodeyama/git/sodex/src/net/uip-split.o
 .debug_frame   0x00002a84      0x220 /Users/sodeyama/git/sodex/src/net/uip.o
 .debug_frame   0x00002ca4       0x34 /Users/sodeyama/git/sodex/src/net/uiplib.o

.debug_rnglists
                0x00000000       0x66
 .debug_rnglists
                0x00000000       0x1c vga.o
 .debug_rnglists
                0x0000001c       0x17 chdir.o
 .debug_rnglists
                0x00000033       0x17 ext3fs.o
 .debug_rnglists
                0x0000004a       0x1c /Users/sodeyama/git/sodex/src/drivers/rs232c.o
