
There are no discarded input sections

Memory Configuration

Name             Origin             Length             Attributes
*default*        0x00000000         0xffffffff

Linker script and memory map

                0xc0001000                        . = 0xc0001000
                0xc0001000                        __text_start = .

.text           0xc0001000     0xdd1d load address 0x00001000
 startup.o(.text)
 .text          0xc0001000       0xae startup.o
                0xc0001000                startup
 kernel.o(.text)
 .text          0xc00010ae      0x2fa kernel.o
                0xc00010ae                start_kernel
 *(.text)
 .text          0xc00013a8      0x591 vga.o
                0xc00013a8                _pos_putc
                0xc00013d5                _kputc
                0xc0001506                _kputs
                0xc000153b                _kprintf
                0xc0001671                _kprintb
                0xc00016f8                _kprintb16
                0xc000173a                _kprintb32
                0xc0001774                clr_screen
                0xc00017b7                screen_scrollup
                0xc0001841                screen_pointset
                0xc0001857                screen_setcolor
                0xc000186f                init_screen
                0xc00018ad                screen_save_prompt
                0xc00018c7                debug_print
 .text          0xc0001939       0x7c brk.o
                0xc0001939                sys_brk
 .text          0xc00019b5      0x2d7 chdir.o
                0xc00019b5                sys_chdir
 .text          0xc0001c8c      0x5d3 elfloader.o
                0xc0001c8c                elf_loader
                0xc00020f4                open_env
 .text          0xc000225f      0x6c6 execve.o
                0xc00022d3                sys_fork
                0xc00022e5                kernel_execve
                0xc000231a                sys_execve
 .text          0xc0002925     0x210f ext3fs.o
                0xc0002999                init_ext3fs
                0xc0003940                get_dentry_from_current
                0xc0003964                get_dentry_absolutely
                0xc0003a0a                ext3_open
                0xc0003d7e                ext3_read
                0xc0004305                ext3_write
                0xc0004578                ext3_mkdir
                0xc0004707                ext3_ls
                0xc00047a8                ext3_flush
                0xc0004936                ext3_dirty_print
 .text          0xc0004a34      0x1a3 fs.o
                0xc0004a34                lseek
                0xc0004ad4                close
                0xc0004af0                fs_stdio_open
 .text          0xc0004bd7      0x147 gdt.o
                0xc0004bd7                makeGdt
                0xc0004c8b                getGdt
                0xc0004cb3                allocSel
                0xc0004cda                init_setupgdt
 .text          0xc0004d1e      0xad3 idt.o
                0xc0004d73                set_intr_gate
                0xc0004da5                set_trap_gate
                0xc0004dd7                set_task_gate
                0xc0004e09                init_setupidthandlers
                0xc0004fe2                i00h
                0xc0005000                i01h
                0xc000501e                i02h
                0xc000503c                i03h
                0xc000505a                i04h
                0xc0005078                i05h
                0xc0005096                i06h
                0xc00050b4                i07h
                0xc00050d2                i08h
                0xc00050f0                i09h
                0xc000510e                i0Ah
                0xc000512c                i0Bh
                0xc000514a                i0Ch
                0xc0005168                i0Dh
                0xc00051cb                i0Eh
                0xc0005221                i10h
                0xc000523f                i11h
                0xc000525d                i12h
                0xc000527b                i13h
                0xc0005299                i20h_pictimer
                0xc00052af                i21h_keyhandler
                0xc00053a2                interrupt_selector
                0xc00053be                defaulthandler
                0xc00054bb                set_intr_bit
                0xc000557a                enable_pic_interrupt
                0xc0005644                disable_pic_interrupt
                0xc000570a                get_interrupt_bit_low
                0xc0005726                get_interrupt_bit_high
                0xc0005745                init_setupidt
                0xc000578a                wait_interrupt
                0xc0005790                pic_eoi
 .text          0xc00057f1      0x1bc key.o
                0xc00057f1                init_key
                0xc000582b                get_keymap
                0xc0005844                get_shiftkeymap
                0xc000585d                set_stdin
                0xc000590d                get_stdin
 .text          0xc00059ad      0xf2f memory.o
                0xc00059ad                init_mem
                0xc0005bbe                kfree
                0xc0005cc9                kalloc
                0xc0005eaa                afree
                0xc0005ef3                aalloc
                0xc00062f7                _kprint_mem
                0xc000659b                palloc
                0xc00066e2                pfree
                0xc0006888                get_realaddr
 .text          0xc00068dc      0x3e7 page.o
                0xc00068dc                init_paging
                0xc0006929                create_kernel_page
                0xc0006992                create_process_page
                0xc0006ab4                set_process_page
 .text          0xc0006cc3       0x8d pit8254.o
                0xc0006cc3                init_pit
                0xc0006d16                sys_timer
                0xc0006d25                kwait
 .text          0xc0006d50      0x85c process.o
                0xc0006d71                init_process
                0xc0006e79                set_context
                0xc0006f80                i20h_do_timer
                0xc00070a6                save_process
                0xc000724a                schedule
                0xc00073d8                sys_exit
                0xc000741f                sys_waitpid
                0xc00074be                to_usermode
                0xc00074d0                to_kernelmode
                0xc00074e2                is_usermode
 .text          0xc00075ac       0x4d semaphore.o
                0xc00075ac                binary_up
                0xc00075d3                binary_down
 .text          0xc00075f9      0x14d signal.o
                0xc00075f9                sys_signal
                0xc000766b                sys_kill
                0xc0007714                signal_dummy
                0xc000772d                core_dump
 .text          0xc0007746      0x735 syscall.o
                0xc0007746                init_syscall
                0xc0007764                i80h_syscall
 .text          0xc0007e7b      0x360 /Users/sodeyama/git/sodex/src/drivers/ata.o
                0xc0007ebf                ata_read
                0xc0008045                ata_write
                0xc0008154                ata_init
 .text          0xc00081db      0x21d /Users/sodeyama/git/sodex/src/drivers/dma.o
                0xc00081db                init_dma
                0xc000825c                dma_start
                0xc0008274                dma_stop
                0xc000828c                init_dma_r
                0xc000834a                init_dma_w
 .text          0xc00083f8      0x9ce /Users/sodeyama/git/sodex/src/drivers/floppy.o
                0xc00083f8                init_fdc
                0xc000844a                i26h_fdchandler
                0xc000894a                fdc_rowread
                0xc0008a7c                fdc_read
                0xc0008bea                fdc_rowwrite
                0xc0008d1b                fdc_write
 .text          0xc0008dc6      0x1de /Users/sodeyama/git/sodex/src/drivers/mstorage.o
                0xc0008dc6                mst_data_out
                0xc0008eb5                mst_data_in
 .text          0xc0008fa4      0x999 /Users/sodeyama/git/sodex/src/drivers/ne2000.o
                0xc0008fa4                init_ne2000
                0xc00090fd                i2Bh_ne2000_interrupt
                0xc000919c                ne2000_send
                0xc0009293                ne2000_receive
                0xc0009894                send_test
 .text          0xc000993d      0x63d /Users/sodeyama/git/sodex/src/drivers/pci.o
                0xc000993d                init_pci
                0xc0009974                pci_read_config
 .text          0xc0009f7a      0x34a /Users/sodeyama/git/sodex/src/drivers/rs232c.o
                0xc0009f7a                init_serial
                0xc000a016                com1_printf
                0xc000a14c                com1_puts
                0xc000a17b                com1_putc
                0xc000a19a                com1_putb8
                0xc000a221                com1_putb16
                0xc000a263                com1_putb32
                0xc000a29d                com1_tx
 .text          0xc000a2c4      0x104 /Users/sodeyama/git/sodex/src/drivers/scsi.o
                0xc000a2c4                scsi_init
                0xc000a2de                scsi_read
                0xc000a353                scsi_write
 .text          0xc000a3c8     0x1384 /Users/sodeyama/git/sodex/src/drivers/uhci-hcd.o
                0xc000a3c8                init_uhci
                0xc000a9d1                intr_uhcihandler
                0xc000b4fe                bulk_out
                0xc000b618                bulk_in
 .text          0xc000b74c       0x12 /Users/sodeyama/git/sodex/src/lib/delay.o
                0xc000b74c                delay
 .text          0xc000b75e       0x78 /Users/sodeyama/git/sodex/src/lib/lib.o
                0xc000b75e                pow
                0xc000b78f                logn
 .text          0xc000b7d6      0x135 /Users/sodeyama/git/sodex/src/lib/memb.o
                0xc000b7d6                memb_init
                0xc000b82b                memb_alloc
                0xc000b890                memb_free
 .text          0xc000b90b      0x212 /Users/sodeyama/git/sodex/src/lib/string.o
                0xc000b90b                strlen
                0xc000b933                strcmp
                0xc000b972                strncmp
                0xc000b9c8                strcpy
                0xc000b9f8                strncpy
                0xc000ba4e                strchr
                0xc000ba85                strrchr
                0xc000bac5                memcmp
 .text          0xc000bb1d        0x6 /Users/sodeyama/git/sodex/src/net/clock-arch.o
                0xc000bb1d                clock_time
 .text          0xc000bb23       0xe6 /Users/sodeyama/git/sodex/src/net/ether.o
                0xc000bb23                ether_send
 .text          0xc000bc09       0x24 /Users/sodeyama/git/sodex/src/net/tapdev.o
                0xc000bc09                tapdev_init
                0xc000bc0f                tapdev_read
                0xc000bc27                tapdev_send
 .text          0xc000bc2d       0x6b /Users/sodeyama/git/sodex/src/net/timer.o
                0xc000bc2d                timer_set
                0xc000bc49                timer_reset
                0xc000bc61                timer_restart
                0xc000bc74                timer_expired
 .text          0xc000bc98      0x6e0 /Users/sodeyama/git/sodex/src/net/uip_arp.o
                0xc000bc98                uip_arp_init
                0xc000bced                uip_arp_timer
                0xc000bf66                uip_arp_arpin
                0xc000c108                uip_arp_out
 .text          0xc000c378       0x23 /Users/sodeyama/git/sodex/src/net/uip-conf.o
                0xc000c378                tcpip_output
                0xc000c37e                uip_appcall
                0xc000c384                uip_log
 .text          0xc000c39b      0x557 /Users/sodeyama/git/sodex/src/net/uip-fw.o
                0xc000c39b                uip_fw_init
                0xc000c6bf                uip_fw_output
                0xc000c6fc                uip_fw_forward
                0xc000c891                uip_fw_register
                0xc000c8aa                uip_fw_default
                0xc000c8b8                uip_fw_periodic
 .text          0xc000c8f2      0x1b8 /Users/sodeyama/git/sodex/src/net/uip-split.o
                0xc000c8f2                uip_split_output
 .text          0xc000caaa     0x1db7 /Users/sodeyama/git/sodex/src/net/uip.o
                0xc000caaa                uip_setipid
                0xc000cac4                uip_add32
                0xc000cc5e                uip_chksum
                0xc000cc8e                uip_ipchksum
                0xc000cd5d                uip_tcpchksum
                0xc000cd72                uip_udpchksum
                0xc000cd87                uip_init
                0xc000ce05                uip_connect
                0xc000cf9b                uip_unlisten
                0xc000cffb                uip_listen
                0xc000d0bf                uip_process
                0xc000e7fe                htons
                0xc000e820                uip_send
 .text          0xc000e861       0xa5 /Users/sodeyama/git/sodex/src/net/uiplib.o
                0xc000e861                uiplib_ipaddrconv
 .text          0xc000e906      0x1d8 sys_core.o
                0xc000e906                enableInterrupt
                0xc000e908                disableInterrupt
                0xc000e90a                is_enableInterrupt
                0xc000e927                out8
                0xc000e934                out16
                0xc000e943                out32
                0xc000e950                in8
                0xc000e95c                in16
                0xc000e967                in32
                0xc000e971                _poscolor_printc
                0xc000e99c                lgdt
                0xc000e9a7                lidt
                0xc000e9b2                ltr
                0xc000e9be                memset
                0xc000e9d4                memcpy
                0xc000e9ec                print_registers
                0xc000ea68                switch_to_outer_privilege
                0xc000eaa6                switch_to_same_privilege
 *fill*         0xc000eade        0x2 
 .text          0xc000eae0      0x1f6 ihandlers.o
                0xc000eae0                asm_defaulthandler
                0xc000eaec                asm_i00h
                0xc000eaf8                asm_i01h
                0xc000eb04                asm_i02h
                0xc000eb10                asm_i03h
                0xc000eb1c                asm_i04h
                0xc000eb28                asm_i05h
                0xc000eb34                asm_i06h
                0xc000eb40                asm_i07h
                0xc000eb4c                asm_i08h
                0xc000eb58                asm_i09h
                0xc000eb64                asm_i0Ah
                0xc000eb70                asm_i0Bh
                0xc000eb7c                asm_i0Ch
                0xc000eb88                asm_i0Dh
                0xc000eb9c                asm_i0Eh
                0xc000eba8                asm_i10h
                0xc000ebb4                asm_i11h
                0xc000ebc0                asm_i12h
                0xc000ebcc                asm_i13h
                0xc000ebd8                asm_process_switch
                0xc000ec34                asm_pictimer
                0xc000ec3c                asm_i21h
                0xc000ec4c                asm_fdchandler
                0xc000ec58                asm_uhcihandler
                0xc000ec64                asm_i2Bh
                0xc000ec70                asm_syscall
 .text          0xc000ecd6       0x47 page_asm.o
                0xc000ecd6                pg_enable_pse
                0xc000ece0                pg_disable_pse
                0xc000ecea                pg_enable_paging
                0xc000ecf6                pg_disable_paging
                0xc000ed02                pg_load_cr3
                0xc000ed12                pg_get_cr3
                0xc000ed16                pg_flush_tlb
                0xc000ed1d                        __text_end = .
                0xc000ed1d                        __rodata_start = .

.rodata         0xc000ed20     0x14b1 load address 0x0000ed20
 vga.o(.rodata)
 .rodata        0xc000ed20       0x7a vga.o
 *(.rodata)
 *fill*         0xc000ed9a        0x6 
 .rodata        0xc000eda0      0x1d0 kernel.o
 .rodata        0xc000ef70        0x7 chdir.o
 *fill*         0xc000ef77        0x1 
 .rodata        0xc000ef78      0x112 elfloader.o
 *fill*         0xc000f08a        0x2 
 .rodata        0xc000f08c       0xa1 execve.o
 *fill*         0xc000f12d        0x3 
 .rodata        0xc000f130      0x32b ext3fs.o
 *fill*         0xc000f45b        0x1 
 .rodata        0xc000f45c       0x26 fs.o
 *fill*         0xc000f482        0x2 
 .rodata        0xc000f484      0x254 idt.o
 .rodata        0xc000f6d8      0x17e memory.o
 *fill*         0xc000f856        0x2 
 .rodata        0xc000f858       0x31 page.o
 *fill*         0xc000f889        0x3 
 .rodata        0xc000f88c       0xde process.o
 .rodata        0xc000f96a       0x19 signal.o
 .rodata        0xc000f983       0x22 syscall.o
 *fill*         0xc000f9a5        0x3 
 .rodata        0xc000f9a8       0xab /Users/sodeyama/git/sodex/src/drivers/ata.o
 *fill*         0xc000fa53        0x1 
 .rodata        0xc000fa54      0x386 /Users/sodeyama/git/sodex/src/drivers/floppy.o
 .rodata        0xc000fdda       0x32 /Users/sodeyama/git/sodex/src/drivers/ne2000.o
 .rodata        0xc000fe0c       0x70 /Users/sodeyama/git/sodex/src/drivers/pci.o
 .rodata        0xc000fe7c      0x227 /Users/sodeyama/git/sodex/src/drivers/uhci-hcd.o
 .rodata        0xc00100a3        0xc /Users/sodeyama/git/sodex/src/net/ether.o
 *fill*         0xc00100af        0x1 
 .rodata        0xc00100b0        0xc /Users/sodeyama/git/sodex/src/net/uip_arp.o
 .rodata        0xc00100bc      0x115 /Users/sodeyama/git/sodex/src/net/uip.o
                0xc00101d1                        __rodata_end = .
                0xc0011000                        . = ALIGN (0x1000)
                0xc0011000                        __data_start = .

.data           0xc0011000      0x656 load address 0x00011000
 startup.o(.data)
 .data          0xc0011000      0x406 startup.o
                0xc0011000                gdtr
                0xc0011006                gdt
 *(.data)
 .data          0xc0011406        0x0 kernel.o
 .data          0xc0011406        0x1 vga.o
                0xc0011406                gColor
 .data          0xc0011407        0x0 brk.o
 .data          0xc0011407        0x0 chdir.o
 *fill*         0xc0011407        0x1 
 .data          0xc0011408        0x4 elfloader.o
 .data          0xc001140c        0x0 execve.o
 .data          0xc001140c        0x0 ext3fs.o
 .data          0xc001140c        0x0 fs.o
 .data          0xc001140c        0x0 gdt.o
 .data          0xc001140c        0x8 idt.o
 *fill*         0xc0011414        0xc 
 .data          0xc0011420      0x200 key.o
 .data          0xc0011620        0x0 memory.o
 .data          0xc0011620        0x0 page.o
 .data          0xc0011620        0x0 pit8254.o
 .data          0xc0011620        0x0 process.o
 .data          0xc0011620        0x0 semaphore.o
 .data          0xc0011620        0x0 signal.o
 .data          0xc0011620        0x0 syscall.o
 .data          0xc0011620        0x0 /Users/sodeyama/git/sodex/src/drivers/ata.o
 .data          0xc0011620        0x0 /Users/sodeyama/git/sodex/src/drivers/dma.o
 .data          0xc0011620        0x0 /Users/sodeyama/git/sodex/src/drivers/floppy.o
 .data          0xc0011620        0x0 /Users/sodeyama/git/sodex/src/drivers/mstorage.o
 .data          0xc0011620        0x0 /Users/sodeyama/git/sodex/src/drivers/ne2000.o
 .data          0xc0011620       0x20 /Users/sodeyama/git/sodex/src/drivers/pci.o
 .data          0xc0011640        0x0 /Users/sodeyama/git/sodex/src/drivers/rs232c.o
 .data          0xc0011640        0x0 /Users/sodeyama/git/sodex/src/drivers/scsi.o
 .data          0xc0011640        0x0 /Users/sodeyama/git/sodex/src/drivers/uhci-hcd.o
 .data          0xc0011640        0x0 /Users/sodeyama/git/sodex/src/lib/delay.o
 .data          0xc0011640        0x0 /Users/sodeyama/git/sodex/src/lib/lib.o
 .data          0xc0011640        0x0 /Users/sodeyama/git/sodex/src/lib/memb.o
 .data          0xc0011640        0x0 /Users/sodeyama/git/sodex/src/lib/string.o
 .data          0xc0011640        0x0 /Users/sodeyama/git/sodex/src/net/clock-arch.o
 .data          0xc0011640        0x0 /Users/sodeyama/git/sodex/src/net/ether.o
 .data          0xc0011640        0x0 /Users/sodeyama/git/sodex/src/net/tapdev.o
 .data          0xc0011640        0x0 /Users/sodeyama/git/sodex/src/net/timer.o
 .data          0xc0011640        0x0 /Users/sodeyama/git/sodex/src/net/uip_arp.o
 .data          0xc0011640        0x0 /Users/sodeyama/git/sodex/src/net/uip-conf.o
 .data          0xc0011640        0x0 /Users/sodeyama/git/sodex/src/net/uip-fw.o
 .data          0xc0011640        0x0 /Users/sodeyama/git/sodex/src/net/uip-split.o
 .data          0xc0011640        0x0 /Users/sodeyama/git/sodex/src/net/uip.o
 .data          0xc0011640        0x0 /Users/sodeyama/git/sodex/src/net/uiplib.o
 .data          0xc0011640       0x16 sys_core.o
 .data          0xc0011656        0x0 ihandlers.o
 .data          0xc0011656        0x0 page_asm.o
                0xc0011656                        __data_end = .
                0xc0012000                        . = ALIGN (0x1000)

.bss.page_aligned
                0xc0012000     0x3000 load address 0x00012000
                0xc0012000                        first_pg_dir = .
 *(.bss.page_aligned)
 .bss.page_aligned
                0xc0012000     0x3000 startup.o
                0xc0013000                first_pg_tbl1
                0xc0014000                first_pg_tbl2
                0xc0100000                        . = 0xc0100000
                0xc0100000                        . = ALIGN (0x1000)
                0xc0100000                        __bss_start = .

.bss            0xc0100000   0x2338a8 load address 0x00100000
                0xc0100000                        pg_dir = .
                0xc0101000                        . = (. + 0x1000)
 *fill*         0xc0100000     0x1000 
 *(.bss)
 .bss           0xc0101000        0x0 startup.o
 .bss           0xc0101000    0x2f1a4 kernel.o
                0xc0101000                memhole
                0xc0129000                p_memhole
                0xc012e000                muse_list
                0xc012e014                mfree_list
                0xc012e028                mhole_list
                0xc012e03c                p_muse_list
                0xc012e050                p_mfree_list
                0xc012e064                p_mhole_list
                0xc012e078                dma_trans
                0xc012e080                rootdir
                0xc012e084                rootdirty
                0xc012e0a0                gtask
                0xc012e124                rawdev
                0xc012e12c                current
                0xc0130140                pci_info
                0xc0130160                usb_info
                0xc01301a0                frame_list
 .bss           0xc01301a4       0x10 vga.o
 *fill*         0xc01301b4        0xc 
 .bss           0xc01301c0     0x20c0 brk.o
 .bss           0xc0132280       0xac chdir.o
 *fill*         0xc013232c       0x14 
 .bss           0xc0132340    0x2f140 elfloader.o
 .bss           0xc0161480    0x2f142 execve.o
 *fill*         0xc01905c2       0x1e 
 .bss           0xc01905e0    0x34540 ext3fs.o
 .bss           0xc01c4b20       0xb0 fs.o
 .bss           0xc01c4bd0        0x2 gdt.o
 *fill*         0xc01c4bd2        0xe 
 .bss           0xc01c4be0    0x2d88c idt.o
 .bss           0xc01f246c        0x8 key.o
 *fill*         0xc01f2474        0xc 
 .bss           0xc01f2480    0x2d078 memory.o
 *fill*         0xc021f4f8        0x8 
 .bss           0xc021f500     0x2000 page.o
 .bss           0xc0221500       0xb0 pit8254.o
 *fill*         0xc02215b0       0x10 
 .bss           0xc02215c0    0x2f1a8 process.o
 .bss           0xc0250768        0x0 semaphore.o
 *fill*         0xc0250768       0x18 
 .bss           0xc0250780       0xb0 signal.o
 *fill*         0xc0250830       0x10 
 .bss           0xc0250840      0x268 syscall.o
                0xc0250900                uip_buf
                0xc0250aa6                uip_len
 .bss           0xc0250aa8        0x0 /Users/sodeyama/git/sodex/src/drivers/ata.o
 .bss           0xc0250aa8        0x8 /Users/sodeyama/git/sodex/src/drivers/dma.o
 *fill*         0xc0250ab0       0x10 
 .bss           0xc0250ac0    0x2d558 /Users/sodeyama/git/sodex/src/drivers/floppy.o
 *fill*         0xc027e018        0x8 
 .bss           0xc027e020    0x2d0cc /Users/sodeyama/git/sodex/src/drivers/mstorage.o
 *fill*         0xc02ab0ec       0x14 
 .bss           0xc02ab100      0x1cc /Users/sodeyama/git/sodex/src/drivers/ne2000.o
                0xc02ab104                nic_info
                0xc02ab108                cur_nic_info
                0xc02ab2c8                io_base
 *fill*         0xc02ab2cc       0x14 
 .bss           0xc02ab2e0    0x2d0ec /Users/sodeyama/git/sodex/src/drivers/pci.o
 .bss           0xc02d83cc        0x0 /Users/sodeyama/git/sodex/src/drivers/rs232c.o
 *fill*         0xc02d83cc       0x14 
 .bss           0xc02d83e0    0x2d12c /Users/sodeyama/git/sodex/src/drivers/scsi.o
 *fill*         0xc030550c       0x14 
 .bss           0xc0305520    0x2d0f4 /Users/sodeyama/git/sodex/src/drivers/uhci-hcd.o
 .bss           0xc0332614        0x0 /Users/sodeyama/git/sodex/src/lib/delay.o
 .bss           0xc0332614        0x0 /Users/sodeyama/git/sodex/src/lib/lib.o
 .bss           0xc0332614        0x0 /Users/sodeyama/git/sodex/src/lib/memb.o
 .bss           0xc0332614        0x0 /Users/sodeyama/git/sodex/src/lib/string.o
 .bss           0xc0332614        0x0 /Users/sodeyama/git/sodex/src/net/clock-arch.o
 *fill*         0xc0332614        0xc 
 .bss           0xc0332620      0x1a8 /Users/sodeyama/git/sodex/src/net/ether.o
 *fill*         0xc03327c8       0x18 
 .bss           0xc03327e0      0x1b0 /Users/sodeyama/git/sodex/src/net/tapdev.o
 .bss           0xc0332990        0x0 /Users/sodeyama/git/sodex/src/net/timer.o
 *fill*         0xc0332990       0x10 
 .bss           0xc03329a0      0x228 /Users/sodeyama/git/sodex/src/net/uip_arp.o
 .bss           0xc0332bc8        0x0 /Users/sodeyama/git/sodex/src/net/uip-conf.o
 *fill*         0xc0332bc8       0x18 
 .bss           0xc0332be0      0x1cc /Users/sodeyama/git/sodex/src/net/uip-fw.o
 *fill*         0xc0332dac       0x14 
 .bss           0xc0332dc0      0x1a8 /Users/sodeyama/git/sodex/src/net/uip-split.o
 *fill*         0xc0332f68       0x18 
 .bss           0xc0332f80      0x77a /Users/sodeyama/git/sodex/src/net/uip.o
                0xc0333128                uip_hostaddr
                0xc033312c                uip_draddr
                0xc0333130                uip_netmask
                0xc0333134                uip_ethaddr
                0xc033313c                uip_appdata
                0xc0333140                uip_sappdata
                0xc0333144                uip_slen
                0xc0333146                uip_flags
                0xc0333148                uip_conn
                0xc0333160                uip_conns
                0xc0333660                uip_listenports
                0xc03336b0                uip_acc32
                0xc03336c0                uip_stat
 *fill*         0xc03336fa        0x6 
 .bss           0xc0333700      0x1a8 /Users/sodeyama/git/sodex/src/net/uiplib.o
 .bss           0xc03338a8        0x0 sys_core.o
 .bss           0xc03338a8        0x0 ihandlers.o
 .bss           0xc03338a8        0x0 page_asm.o
 *(COMMON)
                0xc03338a8                        __bss_end = .
LOAD brk.o
LOAD chdir.o
LOAD elfloader.o
LOAD execve.o
LOAD ext3fs.o
LOAD fs.o
LOAD gdt.o
LOAD idt.o
LOAD kernel.o
LOAD key.o
LOAD memory.o
LOAD page.o
LOAD pit8254.o
LOAD process.o
LOAD semaphore.o
LOAD signal.o
LOAD syscall.o
LOAD vga.o
LOAD /Users/sodeyama/git/sodex/src/drivers/ata.o
LOAD /Users/sodeyama/git/sodex/src/drivers/dma.o
LOAD /Users/sodeyama/git/sodex/src/drivers/floppy.o
LOAD /Users/sodeyama/git/sodex/src/drivers/mstorage.o
LOAD /Users/sodeyama/git/sodex/src/drivers/ne2000.o
LOAD /Users/sodeyama/git/sodex/src/drivers/pci.o
LOAD /Users/sodeyama/git/sodex/src/drivers/rs232c.o
LOAD /Users/sodeyama/git/sodex/src/drivers/scsi.o
LOAD /Users/sodeyama/git/sodex/src/drivers/uhci-hcd.o
LOAD /Users/sodeyama/git/sodex/src/lib/delay.o
LOAD /Users/sodeyama/git/sodex/src/lib/lib.o
LOAD /Users/sodeyama/git/sodex/src/lib/memb.o
LOAD /Users/sodeyama/git/sodex/src/lib/string.o
LOAD /Users/sodeyama/git/sodex/src/net/clock-arch.o
LOAD /Users/sodeyama/git/sodex/src/net/ether.o
LOAD /Users/sodeyama/git/sodex/src/net/tapdev.o
LOAD /Users/sodeyama/git/sodex/src/net/timer.o
LOAD /Users/sodeyama/git/sodex/src/net/uip_arp.o
LOAD /Users/sodeyama/git/sodex/src/net/uip-conf.o
LOAD /Users/sodeyama/git/sodex/src/net/uip-fw.o
LOAD /Users/sodeyama/git/sodex/src/net/uip-split.o
LOAD /Users/sodeyama/git/sodex/src/net/uip.o
LOAD /Users/sodeyama/git/sodex/src/net/uiplib.o
LOAD startup.o
LOAD sys_core.o
LOAD ihandlers.o
LOAD page_asm.o
OUTPUT(/Users/sodeyama/git/sodex/src/bin/kernel.bin binary)

.debug_info     0x00000000    0x12b0d
 .debug_info    0x00000000      0xe6f kernel.o
 .debug_info    0x00000e6f      0x3a1 vga.o
 .debug_info    0x00001210      0x9c4 brk.o
 .debug_info    0x00001bd4      0xbd0 chdir.o
 .debug_info    0x000027a4     0x10c6 elfloader.o
 .debug_info    0x0000386a      0xea8 execve.o
 .debug_info    0x00004712     0x1eea ext3fs.o
 .debug_info    0x000065fc      0xa49 fs.o
 .debug_info    0x00007045      0x233 gdt.o
 .debug_info    0x00007278      0x972 idt.o
 .debug_info    0x00007bea      0x293 key.o
 .debug_info    0x00007e7d      0x652 memory.o
 .debug_info    0x000084cf      0x3f7 page.o
 .debug_info    0x000088c6      0x997 pit8254.o
 .debug_info    0x0000925d     0x13f2 process.o
 .debug_info    0x0000a64f       0xae semaphore.o
 .debug_info    0x0000a6fd      0xa5a signal.o
 .debug_info    0x0000b157      0xff5 syscall.o
 .debug_info    0x0000c14c      0x26b /Users/sodeyama/git/sodex/src/drivers/ata.o
 .debug_info    0x0000c3b7      0x15a /Users/sodeyama/git/sodex/src/drivers/dma.o
 .debug_info    0x0000c511     0x10bb /Users/sodeyama/git/sodex/src/drivers/floppy.o
 .debug_info    0x0000d5cc      0x556 /Users/sodeyama/git/sodex/src/drivers/mstorage.o
 .debug_info    0x0000db22      0x583 /Users/sodeyama/git/sodex/src/drivers/ne2000.o
 .debug_info    0x0000e0a5      0x7fe /Users/sodeyama/git/sodex/src/drivers/pci.o
 .debug_info    0x0000e8a3      0x252 /Users/sodeyama/git/sodex/src/drivers/rs232c.o
 .debug_info    0x0000eaf5      0xb98 /Users/sodeyama/git/sodex/src/drivers/scsi.o
 .debug_info    0x0000f68d      0xfd6 /Users/sodeyama/git/sodex/src/drivers/uhci-hcd.o
 .debug_info    0x00010663       0x82 /Users/sodeyama/git/sodex/src/lib/delay.o
 .debug_info    0x000106e5       0xdb /Users/sodeyama/git/sodex/src/lib/lib.o
 .debug_info    0x000107c0      0x172 /Users/sodeyama/git/sodex/src/lib/memb.o
 .debug_info    0x00010932      0x291 /Users/sodeyama/git/sodex/src/lib/string.o
 .debug_info    0x00010bc3       0x55 /Users/sodeyama/git/sodex/src/net/clock-arch.o
 .debug_info    0x00010c18      0x18f /Users/sodeyama/git/sodex/src/net/ether.o
 .debug_info    0x00010da7      0x13b /Users/sodeyama/git/sodex/src/net/tapdev.o
 .debug_info    0x00010ee2      0x110 /Users/sodeyama/git/sodex/src/net/timer.o
 .debug_info    0x00010ff2      0x4b9 /Users/sodeyama/git/sodex/src/net/uip_arp.o
 .debug_info    0x000114ab       0xb5 /Users/sodeyama/git/sodex/src/net/uip-conf.o
 .debug_info    0x00011560      0x618 /Users/sodeyama/git/sodex/src/net/uip-fw.o
 .debug_info    0x00011b78      0x2c3 /Users/sodeyama/git/sodex/src/net/uip-split.o
 .debug_info    0x00011e3b      0xba6 /Users/sodeyama/git/sodex/src/net/uip.o
 .debug_info    0x000129e1      0x12c /Users/sodeyama/git/sodex/src/net/uiplib.o

.debug_abbrev   0x00000000     0x4922
 .debug_abbrev  0x00000000      0x28a kernel.o
 .debug_abbrev  0x0000028a      0x167 vga.o
 .debug_abbrev  0x000003f1      0x1bd brk.o
 .debug_abbrev  0x000005ae      0x204 chdir.o
 .debug_abbrev  0x000007b2      0x256 elfloader.o
 .debug_abbrev  0x00000a08      0x26d execve.o
 .debug_abbrev  0x00000c75      0x36e ext3fs.o
 .debug_abbrev  0x00000fe3      0x1ea fs.o
 .debug_abbrev  0x000011cd      0x144 gdt.o
 .debug_abbrev  0x00001311      0x29c idt.o
 .debug_abbrev  0x000015ad      0x164 key.o
 .debug_abbrev  0x00001711      0x2b4 memory.o
 .debug_abbrev  0x000019c5      0x1c1 page.o
 .debug_abbrev  0x00001b86      0x1d5 pit8254.o
 .debug_abbrev  0x00001d5b      0x35b process.o
 .debug_abbrev  0x000020b6       0x94 semaphore.o
 .debug_abbrev  0x0000214a      0x1f9 signal.o
 .debug_abbrev  0x00002343      0x30d syscall.o
 .debug_abbrev  0x00002650      0x145 /Users/sodeyama/git/sodex/src/drivers/ata.o
 .debug_abbrev  0x00002795       0xf8 /Users/sodeyama/git/sodex/src/drivers/dma.o
 .debug_abbrev  0x0000288d      0x318 /Users/sodeyama/git/sodex/src/drivers/floppy.o
 .debug_abbrev  0x00002ba5      0x1f8 /Users/sodeyama/git/sodex/src/drivers/mstorage.o
 .debug_abbrev  0x00002d9d      0x2a2 /Users/sodeyama/git/sodex/src/drivers/ne2000.o
 .debug_abbrev  0x0000303f      0x287 /Users/sodeyama/git/sodex/src/drivers/pci.o
 .debug_abbrev  0x000032c6       0xf2 /Users/sodeyama/git/sodex/src/drivers/rs232c.o
 .debug_abbrev  0x000033b8      0x1eb /Users/sodeyama/git/sodex/src/drivers/scsi.o
 .debug_abbrev  0x000035a3      0x34d /Users/sodeyama/git/sodex/src/drivers/uhci-hcd.o
 .debug_abbrev  0x000038f0       0x69 /Users/sodeyama/git/sodex/src/lib/delay.o
 .debug_abbrev  0x00003959       0x8d /Users/sodeyama/git/sodex/src/lib/lib.o
 .debug_abbrev  0x000039e6      0x112 /Users/sodeyama/git/sodex/src/lib/memb.o
 .debug_abbrev  0x00003af8       0xd6 /Users/sodeyama/git/sodex/src/lib/string.o
 .debug_abbrev  0x00003bce       0x4f /Users/sodeyama/git/sodex/src/net/clock-arch.o
 .debug_abbrev  0x00003c1d      0x11e /Users/sodeyama/git/sodex/src/net/ether.o
 .debug_abbrev  0x00003d3b       0xe8 /Users/sodeyama/git/sodex/src/net/tapdev.o
 .debug_abbrev  0x00003e23      0x105 /Users/sodeyama/git/sodex/src/net/timer.o
 .debug_abbrev  0x00003f28      0x1eb /Users/sodeyama/git/sodex/src/net/uip_arp.o
 .debug_abbrev  0x00004113       0xa1 /Users/sodeyama/git/sodex/src/net/uip-conf.o
 .debug_abbrev  0x000041b4      0x22f /Users/sodeyama/git/sodex/src/net/uip-fw.o
 .debug_abbrev  0x000043e3      0x150 /Users/sodeyama/git/sodex/src/net/uip-split.o
 .debug_abbrev  0x00004533      0x33e /Users/sodeyama/git/sodex/src/net/uip.o
 .debug_abbrev  0x00004871       0xb1 /Users/sodeyama/git/sodex/src/net/uiplib.o

.debug_aranges  0x00000000      0x520
 .debug_aranges
                0x00000000       0x20 kernel.o
 .debug_aranges
                0x00000020       0x20 vga.o
 .debug_aranges
                0x00000040       0x20 brk.o
 .debug_aranges
                0x00000060       0x20 chdir.o
 .debug_aranges
                0x00000080       0x20 elfloader.o
 .debug_aranges
                0x000000a0       0x20 execve.o
 .debug_aranges
                0x000000c0       0x20 ext3fs.o
 .debug_aranges
                0x000000e0       0x20 fs.o
 .debug_aranges
                0x00000100       0x20 gdt.o
 .debug_aranges
                0x00000120       0x20 idt.o
 .debug_aranges
                0x00000140       0x20 key.o
 .debug_aranges
                0x00000160       0x20 memory.o
 .debug_aranges
                0x00000180       0x20 page.o
 .debug_aranges
                0x000001a0       0x20 pit8254.o
 .debug_aranges
                0x000001c0       0x20 process.o
 .debug_aranges
                0x000001e0       0x20 semaphore.o
 .debug_aranges
                0x00000200       0x20 signal.o
 .debug_aranges
                0x00000220       0x20 syscall.o
 .debug_aranges
                0x00000240       0x20 /Users/sodeyama/git/sodex/src/drivers/ata.o
 .debug_aranges
                0x00000260       0x20 /Users/sodeyama/git/sodex/src/drivers/dma.o
 .debug_aranges
                0x00000280       0x20 /Users/sodeyama/git/sodex/src/drivers/floppy.o
 .debug_aranges
                0x000002a0       0x20 /Users/sodeyama/git/sodex/src/drivers/mstorage.o
 .debug_aranges
                0x000002c0       0x20 /Users/sodeyama/git/sodex/src/drivers/ne2000.o
 .debug_aranges
                0x000002e0       0x20 /Users/sodeyama/git/sodex/src/drivers/pci.o
 .debug_aranges
                0x00000300       0x20 /Users/sodeyama/git/sodex/src/drivers/rs232c.o
 .debug_aranges
                0x00000320       0x20 /Users/sodeyama/git/sodex/src/drivers/scsi.o
 .debug_aranges
                0x00000340       0x20 /Users/sodeyama/git/sodex/src/drivers/uhci-hcd.o
 .debug_aranges
                0x00000360       0x20 /Users/sodeyama/git/sodex/src/lib/delay.o
 .debug_aranges
                0x00000380       0x20 /Users/sodeyama/git/sodex/src/lib/lib.o
 .debug_aranges
                0x000003a0       0x20 /Users/sodeyama/git/sodex/src/lib/memb.o
 .debug_aranges
                0x000003c0       0x20 /Users/sodeyama/git/sodex/src/lib/string.o
 .debug_aranges
                0x000003e0       0x20 /Users/sodeyama/git/sodex/src/net/clock-arch.o
 .debug_aranges
                0x00000400       0x20 /Users/sodeyama/git/sodex/src/net/ether.o
 .debug_aranges
                0x00000420       0x20 /Users/sodeyama/git/sodex/src/net/tapdev.o
 .debug_aranges
                0x00000440       0x20 /Users/sodeyama/git/sodex/src/net/timer.o
 .debug_aranges
                0x00000460       0x20 /Users/sodeyama/git/sodex/src/net/uip_arp.o
 .debug_aranges
                0x00000480       0x20 /Users/sodeyama/git/sodex/src/net/uip-conf.o
 .debug_aranges
                0x000004a0       0x20 /Users/sodeyama/git/sodex/src/net/uip-fw.o
 .debug_aranges
                0x000004c0       0x20 /Users/sodeyama/git/sodex/src/net/uip-split.o
 .debug_aranges
                0x000004e0       0x20 /Users/sodeyama/git/sodex/src/net/uip.o
 .debug_aranges
                0x00000500       0x20 /Users/sodeyama/git/sodex/src/net/uiplib.o

.debug_line     0x00000000     0x635d
 .debug_line    0x00000000      0x125 kernel.o
 .debug_line    0x00000125      0x27e vga.o
 .debug_line    0x000003a3       0xa6 brk.o
 .debug_line    0x00000449      0x19a chdir.o
 .debug_line    0x000005e3      0x2a1 elfloader.o
 .debug_line    0x00000884      0x311 execve.o
 .debug_line    0x00000b95      0xbc8 ext3fs.o
 .debug_line    0x0000175d      0x10e fs.o
 .debug_line    0x0000186b       0xc0 gdt.o
 .debug_line    0x0000192b      0x334 idt.o
 .debug_line    0x00001c5f      0x11e key.o
 .debug_line    0x00001d7d      0x5dd memory.o
 .debug_line    0x0000235a      0x23c page.o
 .debug_line    0x00002596       0x9f pit8254.o
 .debug_line    0x00002635      0x3da process.o
 .debug_line    0x00002a0f       0x8b semaphore.o
 .debug_line    0x00002a9a      0x102 signal.o
 .debug_line    0x00002b9c      0x304 syscall.o
 .debug_line    0x00002ea0      0x19f /Users/sodeyama/git/sodex/src/drivers/ata.o
 .debug_line    0x0000303f       0xc5 /Users/sodeyama/git/sodex/src/drivers/dma.o
 .debug_line    0x00003104      0x44b /Users/sodeyama/git/sodex/src/drivers/floppy.o
 .debug_line    0x0000354f       0xd7 /Users/sodeyama/git/sodex/src/drivers/mstorage.o
 .debug_line    0x00003626      0x384 /Users/sodeyama/git/sodex/src/drivers/ne2000.o
 .debug_line    0x000039aa      0x2af /Users/sodeyama/git/sodex/src/drivers/pci.o
 .debug_line    0x00003c59      0x15c /Users/sodeyama/git/sodex/src/drivers/rs232c.o
 .debug_line    0x00003db5       0xf5 /Users/sodeyama/git/sodex/src/drivers/scsi.o
 .debug_line    0x00003eaa      0x6bd /Users/sodeyama/git/sodex/src/drivers/uhci-hcd.o
 .debug_line    0x00004567       0x54 /Users/sodeyama/git/sodex/src/lib/delay.o
 .debug_line    0x000045bb       0x88 /Users/sodeyama/git/sodex/src/lib/lib.o
 .debug_line    0x00004643      0x104 /Users/sodeyama/git/sodex/src/lib/memb.o
 .debug_line    0x00004747      0x213 /Users/sodeyama/git/sodex/src/lib/string.o
 .debug_line    0x0000495a       0x51 /Users/sodeyama/git/sodex/src/net/clock-arch.o
 .debug_line    0x000049ab       0x9a /Users/sodeyama/git/sodex/src/net/ether.o
 .debug_line    0x00004a45       0x76 /Users/sodeyama/git/sodex/src/net/tapdev.o
 .debug_line    0x00004abb       0xaf /Users/sodeyama/git/sodex/src/net/timer.o
 .debug_line    0x00004b6a      0x31b /Users/sodeyama/git/sodex/src/net/uip_arp.o
 .debug_line    0x00004e85       0x5e /Users/sodeyama/git/sodex/src/net/uip-conf.o
 .debug_line    0x00004ee3      0x3a0 /Users/sodeyama/git/sodex/src/net/uip-fw.o
 .debug_line    0x00005283      0x148 /Users/sodeyama/git/sodex/src/net/uip-split.o
 .debug_line    0x000053cb      0xed4 /Users/sodeyama/git/sodex/src/net/uip.o
 .debug_line    0x0000629f       0xbe /Users/sodeyama/git/sodex/src/net/uiplib.o

.debug_str      0x00000000     0xa1e6
 .debug_str     0x00000000      0x852 kernel.o
 .debug_str     0x00000852      0x1d0 vga.o
 .debug_str     0x00000a22      0x602 brk.o
 .debug_str     0x00001024      0x643 chdir.o
 .debug_str     0x00001667      0x8f1 elfloader.o
 .debug_str     0x00001f58      0x7c6 execve.o
 .debug_str     0x0000271e      0xe6f ext3fs.o
 .debug_str     0x0000358d      0x5fe fs.o
 .debug_str     0x00003b8b      0x1ac gdt.o
 .debug_str     0x00003d37      0x523 idt.o
 .debug_str     0x0000425a      0x178 key.o
 .debug_str     0x000043d2      0x2ae memory.o
 .debug_str     0x00004680      0x258 page.o
 .debug_str     0x000048d8      0x5d6 pit8254.o
 .debug_str     0x00004eae      0x929 process.o
 .debug_str     0x000057d7      0x100 semaphore.o
 .debug_str     0x000058d7      0x611 signal.o
 .debug_str     0x00005ee8      0x7e7 syscall.o
 .debug_str     0x000066cf      0x14a /Users/sodeyama/git/sodex/src/drivers/ata.o
 .debug_str     0x00006819      0x129 /Users/sodeyama/git/sodex/src/drivers/dma.o
 .debug_str     0x00006942      0x8b2 /Users/sodeyama/git/sodex/src/drivers/floppy.o
 .debug_str     0x000071f4      0x2d5 /Users/sodeyama/git/sodex/src/drivers/mstorage.o
 .debug_str     0x000074c9      0x2ca /Users/sodeyama/git/sodex/src/drivers/ne2000.o
 .debug_str     0x00007793      0x412 /Users/sodeyama/git/sodex/src/drivers/pci.o
 .debug_str     0x00007ba5      0x148 /Users/sodeyama/git/sodex/src/drivers/rs232c.o
 .debug_str     0x00007ced      0x68f /Users/sodeyama/git/sodex/src/drivers/scsi.o
 .debug_str     0x0000837c      0x775 /Users/sodeyama/git/sodex/src/drivers/uhci-hcd.o
 .debug_str     0x00008af1       0xd2 /Users/sodeyama/git/sodex/src/lib/delay.o
 .debug_str     0x00008bc3       0xc7 /Users/sodeyama/git/sodex/src/lib/lib.o
 .debug_str     0x00008c8a      0x115 /Users/sodeyama/git/sodex/src/lib/memb.o
 .debug_str     0x00008d9f      0x118 /Users/sodeyama/git/sodex/src/lib/string.o
 .debug_str     0x00008eb7       0x9d /Users/sodeyama/git/sodex/src/net/clock-arch.o
 .debug_str     0x00008f54      0x16d /Users/sodeyama/git/sodex/src/net/ether.o
 .debug_str     0x000090c1      0x119 /Users/sodeyama/git/sodex/src/net/tapdev.o
 .debug_str     0x000091da       0xe4 /Users/sodeyama/git/sodex/src/net/timer.o
 .debug_str     0x000092be      0x2c4 /Users/sodeyama/git/sodex/src/net/uip_arp.o
 .debug_str     0x00009582       0xec /Users/sodeyama/git/sodex/src/net/uip-conf.o
 .debug_str     0x0000966e      0x30a /Users/sodeyama/git/sodex/src/net/uip-fw.o
 .debug_str     0x00009978      0x1f6 /Users/sodeyama/git/sodex/src/net/uip-split.o
 .debug_str     0x00009b6e      0x567 /Users/sodeyama/git/sodex/src/net/uip.o
 .debug_str     0x0000a0d5      0x111 /Users/sodeyama/git/sodex/src/net/uiplib.o

.debug_line_str
                0x00000000     0x2391
 .debug_line_str
                0x00000000      0x156 kernel.o
 .debug_line_str
                0x00000156       0xb5 vga.o
 .debug_line_str
                0x0000020b      0x101 brk.o
 .debug_line_str
                0x0000030c      0x100 chdir.o
 .debug_line_str
                0x0000040c      0x12e elfloader.o
 .debug_line_str
                0x0000053a      0x13b execve.o
 .debug_line_str
                0x00000675      0x121 ext3fs.o
 .debug_line_str
                0x00000796       0xfd fs.o
 .debug_line_str
                0x00000893       0xb3 gdt.o
 .debug_line_str
                0x00000946       0xd9 idt.o
 .debug_line_str
                0x00000a1f       0xac key.o
 .debug_line_str
                0x00000acb       0xbe memory.o
 .debug_line_str
                0x00000b89       0xb0 page.o
 .debug_line_str
                0x00000c39      0x10b pit8254.o
 .debug_line_str
                0x00000d44      0x147 process.o
 .debug_line_str
                0x00000e8b       0x8b semaphore.o
 .debug_line_str
                0x00000f16      0x103 signal.o
 .debug_line_str
                0x00001019      0x174 syscall.o
 .debug_line_str
                0x0000118d       0xc1 /Users/sodeyama/git/sodex/src/drivers/ata.o
 .debug_line_str
                0x0000124e       0xc4 /Users/sodeyama/git/sodex/src/drivers/dma.o
 .debug_line_str
                0x00001312      0x14f /Users/sodeyama/git/sodex/src/drivers/floppy.o
 .debug_line_str
                0x00001461       0xea /Users/sodeyama/git/sodex/src/drivers/mstorage.o
 .debug_line_str
                0x0000154b       0xf1 /Users/sodeyama/git/sodex/src/drivers/ne2000.o
 .debug_line_str
                0x0000163c       0xe1 /Users/sodeyama/git/sodex/src/drivers/pci.o
 .debug_line_str
                0x0000171d       0xcd /Users/sodeyama/git/sodex/src/drivers/rs232c.o
 .debug_line_str
                0x000017ea      0x128 /Users/sodeyama/git/sodex/src/drivers/scsi.o
 .debug_line_str
                0x00001912      0x104 /Users/sodeyama/git/sodex/src/drivers/uhci-hcd.o
 .debug_line_str
                0x00001a16       0x8e /Users/sodeyama/git/sodex/src/lib/delay.o
 .debug_line_str
                0x00001aa4       0x56 /Users/sodeyama/git/sodex/src/lib/lib.o
 .debug_line_str
                0x00001afa       0x97 /Users/sodeyama/git/sodex/src/lib/memb.o
 .debug_line_str
                0x00001b91       0x91 /Users/sodeyama/git/sodex/src/lib/string.o
 .debug_line_str
                0x00001c22       0x9e /Users/sodeyama/git/sodex/src/net/clock-arch.o
 .debug_line_str
                0x00001cc0       0xd4 /Users/sodeyama/git/sodex/src/net/ether.o
 .debug_line_str
                0x00001d94       0xc8 /Users/sodeyama/git/sodex/src/net/tapdev.o
 .debug_line_str
                0x00001e5c       0x9f /Users/sodeyama/git/sodex/src/net/timer.o
 .debug_line_str
                0x00001efb       0xde /Users/sodeyama/git/sodex/src/net/uip_arp.o
 .debug_line_str
                0x00001fd9       0x91 /Users/sodeyama/git/sodex/src/net/uip-conf.o
 .debug_line_str
                0x0000206a       0xe5 /Users/sodeyama/git/sodex/src/net/uip-fw.o
 .debug_line_str
                0x0000214f       0xbb /Users/sodeyama/git/sodex/src/net/uip-split.o
 .debug_line_str
                0x0000220a       0xbf /Users/sodeyama/git/sodex/src/net/uip.o
 .debug_line_str
                0x000022c9       0xc8 /Users/sodeyama/git/sodex/src/net/uiplib.o

.comment        0x00000000      0x30b
 .comment       0x00000000       0x13 kernel.o
 .comment       0x00000013       0x13 vga.o
 .comment       0x00000026       0x13 brk.o
 .comment       0x00000039       0x13 chdir.o
 .comment       0x0000004c       0x13 elfloader.o
 .comment       0x0000005f       0x13 execve.o
 .comment       0x00000072       0x13 ext3fs.o
 .comment       0x00000085       0x13 fs.o
 .comment       0x00000098       0x13 gdt.o
 .comment       0x000000ab       0x13 idt.o
 .comment       0x000000be       0x13 key.o
 .comment       0x000000d1       0x13 memory.o
 .comment       0x000000e4       0x13 page.o
 .comment       0x000000f7       0x13 pit8254.o
 .comment       0x0000010a       0x13 process.o
 .comment       0x0000011d       0x13 semaphore.o
 .comment       0x00000130       0x13 signal.o
 .comment       0x00000143       0x13 syscall.o
 .comment       0x00000156       0x13 /Users/sodeyama/git/sodex/src/drivers/ata.o
 .comment       0x00000169       0x13 /Users/sodeyama/git/sodex/src/drivers/dma.o
 .comment       0x0000017c       0x13 /Users/sodeyama/git/sodex/src/drivers/floppy.o
 .comment       0x0000018f       0x13 /Users/sodeyama/git/sodex/src/drivers/mstorage.o
 .comment       0x000001a2       0x13 /Users/sodeyama/git/sodex/src/drivers/ne2000.o
 .comment       0x000001b5       0x13 /Users/sodeyama/git/sodex/src/drivers/pci.o
 .comment       0x000001c8       0x13 /Users/sodeyama/git/sodex/src/drivers/rs232c.o
 .comment       0x000001db       0x13 /Users/sodeyama/git/sodex/src/drivers/scsi.o
 .comment       0x000001ee       0x13 /Users/sodeyama/git/sodex/src/drivers/uhci-hcd.o
 .comment       0x00000201       0x13 /Users/sodeyama/git/sodex/src/lib/delay.o
 .comment       0x00000214       0x13 /Users/sodeyama/git/sodex/src/lib/lib.o
 .comment       0x00000227       0x13 /Users/sodeyama/git/sodex/src/lib/memb.o
 .comment       0x0000023a       0x13 /Users/sodeyama/git/sodex/src/lib/string.o
 .comment       0x0000024d       0x13 /Users/sodeyama/git/sodex/src/net/clock-arch.o
 .comment       0x00000260       0x13 /Users/sodeyama/git/sodex/src/net/ether.o
 .comment       0x00000273       0x13 /Users/sodeyama/git/sodex/src/net/tapdev.o
 .comment       0x00000286       0x13 /Users/sodeyama/git/sodex/src/net/timer.o
 .comment       0x00000299       0x13 /Users/sodeyama/git/sodex/src/net/uip_arp.o
 .comment       0x000002ac       0x13 /Users/sodeyama/git/sodex/src/net/uip-conf.o
 .comment       0x000002bf       0x13 /Users/sodeyama/git/sodex/src/net/uip-fw.o
 .comment       0x000002d2       0x13 /Users/sodeyama/git/sodex/src/net/uip-split.o
 .comment       0x000002e5       0x13 /Users/sodeyama/git/sodex/src/net/uip.o
 .comment       0x000002f8       0x13 /Users/sodeyama/git/sodex/src/net/uiplib.o

.debug_frame    0x00000000     0x2c74
 .debug_frame   0x00000000       0x6c kernel.o
 .debug_frame   0x0000006c      0x1d8 vga.o
 .debug_frame   0x00000244       0x34 brk.o
 .debug_frame   0x00000278       0x80 chdir.o
 .debug_frame   0x000002f8       0x7c elfloader.o
 .debug_frame   0x00000374      0x17c execve.o
 .debug_frame   0x000004f0      0x484 ext3fs.o
 .debug_frame   0x00000974       0x74 fs.o
 .debug_frame   0x000009e8       0x94 gdt.o
 .debug_frame   0x00000a7c      0x41c idt.o
 .debug_frame   0x00000e98       0xbc key.o
 .debug_frame   0x00000f54      0x234 memory.o
 .debug_frame   0x00001188       0xd4 page.o
 .debug_frame   0x0000125c       0x94 pit8254.o
 .debug_frame   0x000012f0      0x1fc process.o
 .debug_frame   0x000014ec       0x54 semaphore.o
 .debug_frame   0x00001540       0x98 signal.o
 .debug_frame   0x000015d8      0x174 syscall.o
 .debug_frame   0x0000174c       0xb8 /Users/sodeyama/git/sodex/src/drivers/ata.o
 .debug_frame   0x00001804       0xb4 /Users/sodeyama/git/sodex/src/drivers/dma.o
 .debug_frame   0x000018b8      0x2a0 /Users/sodeyama/git/sodex/src/drivers/floppy.o
 .debug_frame   0x00001b58       0x54 /Users/sodeyama/git/sodex/src/drivers/mstorage.o
 .debug_frame   0x00001bac      0x1cc /Users/sodeyama/git/sodex/src/drivers/ne2000.o
 .debug_frame   0x00001d78      0x16c /Users/sodeyama/git/sodex/src/drivers/pci.o
 .debug_frame   0x00001ee4      0x114 /Users/sodeyama/git/sodex/src/drivers/rs232c.o
 .debug_frame   0x00001ff8       0x74 /Users/sodeyama/git/sodex/src/drivers/scsi.o
 .debug_frame   0x0000206c      0x380 /Users/sodeyama/git/sodex/src/drivers/uhci-hcd.o
 .debug_frame   0x000023ec       0x34 /Users/sodeyama/git/sodex/src/lib/delay.o
 .debug_frame   0x00002420       0x54 /Users/sodeyama/git/sodex/src/lib/lib.o
 .debug_frame   0x00002474       0x74 /Users/sodeyama/git/sodex/src/lib/memb.o
 .debug_frame   0x000024e8      0x114 /Users/sodeyama/git/sodex/src/lib/string.o
 .debug_frame   0x000025fc       0x34 /Users/sodeyama/git/sodex/src/net/clock-arch.o
 .debug_frame   0x00002630       0x34 /Users/sodeyama/git/sodex/src/net/ether.o
 .debug_frame   0x00002664       0x74 /Users/sodeyama/git/sodex/src/net/tapdev.o
 .debug_frame   0x000026d8       0x94 /Users/sodeyama/git/sodex/src/net/timer.o
 .debug_frame   0x0000276c       0xb8 /Users/sodeyama/git/sodex/src/net/uip_arp.o
 .debug_frame   0x00002824       0x74 /Users/sodeyama/git/sodex/src/net/uip-conf.o
 .debug_frame   0x00002898      0x154 /Users/sodeyama/git/sodex/src/net/uip-fw.o
 .debug_frame   0x000029ec       0x34 /Users/sodeyama/git/sodex/src/net/uip-split.o
 .debug_frame   0x00002a20      0x220 /Users/sodeyama/git/sodex/src/net/uip.o
 .debug_frame   0x00002c40       0x34 /Users/sodeyama/git/sodex/src/net/uiplib.o

.debug_rnglists
                0x00000000       0x66
 .debug_rnglists
                0x00000000       0x1c vga.o
 .debug_rnglists
                0x0000001c       0x17 chdir.o
 .debug_rnglists
                0x00000033       0x17 ext3fs.o
 .debug_rnglists
                0x0000004a       0x1c /Users/sodeyama/git/sodex/src/drivers/rs232c.o
