GAS LISTING bootmiddle.S 			page 1


   1              	/*
   2              	 *  @File        bootmiddle.S
   3              	 *  @Brief       The Second boot section of Sodex
   4              	 *  @Description This section mainly consist of changing from 16bit mode to
   5              	 *               32bit mode and setting other CPU's something ought to be.
   6              	 *  
   7              	 *  @Author      Sodex
   8              	 *  @Revision    0.1
   9              	 *  @License     suspension
  10              	 *  @Date        creae: 2007/04/07  update: 2007/04/18  
  11              	 *      
  12              	 *  Copyright (C) 2007 Sodex
  13              	 */
  14              	
  15              	#define DEBUG
  16              	
  17              	INITSEG         = 0x9000
  18              	__KERNEL_CS     = 0x08
  19              	
  20              	MEMORY_SIZE     = 0x0       
  21              	
  22              	.code16
  23              	.text
  24              	
  25              	.global _start,middle_start,print_all_registers
  26              	_start:         
  27              	middle_start:   
  28 0000 8CC8     	        movw    %cs, %ax
  29 0002 8ED8     	        movw    %ax, %ds
  30 0004 8EC0     	        movw    %ax, %es
  31              	
  32              	        # Get the max size of the physical memory,
  33              	        # and we'll set it at 0x90000.
  34 0006 6631C9   	        xorl    %ecx, %ecx
  35 0009 6631D2   	        xorl    %edx, %edx
  36 000c B80090   	        movw    $0x9000, %ax
  37 000f 8EE0     	        movw    %ax, %fs
  38 0011 6631C0   	        xorl    %eax, %eax
  39 0014 6466A300 	        movl    %eax, %fs:(0x0)
  39      00
  40 0019 EB01     	        jmp     pre_e820
  41              	
  42              	/* We have to get the phisical memory map.
  43              	 * Using "Function E820" and "Function E801" but not "Function 88H",
  44              	 * we'll get it.    
  45              	 *  EAX 0xE820 - BIOS command to get the memory map
  46              	 *  EDX "SMAP" - special string to get the memory map
  47              	 *  ES:DI - entry buffer address to set the memory map
  48              	 *  ECX - the size of the entry buffer                                  
  49              	 */
  50 001b 20       	        e820_mmap_maxsize: .byte 32
  51              	SMAP = 0x534d4150 # "SMAP"
  52              	
  53              	pre_e820:               
  54 001c 6631DB   	        xorl    %ebx, %ebx
  55 001f BF6F03   	        movw    $MEMORY_MAP, %di
  56              	
GAS LISTING bootmiddle.S 			page 2


  57              	e820_start:
  58 0022 66B820E8 	        movl    $0x0000e820, %eax        
  58      0000
  59 0028 66BA5041 	        movl    $SMAP, %edx     
  59      4D53
  60 002e 66B91400 	        movl    $20, %ecx
  60      0000
  61 0034 CD15     	        int     $0x15
  62 0036 7222     	        jc      e820_error
  63 0038 663D5041 	        cmpl    $SMAP, %eax
  63      4D53
  64 003e 721A     	        jc      e820_error
  65              	
  66 0040 6683FB00 	        cmpl    $0, %ebx
  67 0044 741D     	        jz      e820_end
  68              	
  69 0046 A01B00   	        movb    (e820_mmap_maxsize), %al
  70 0049 3C00     	        cmpb    $0, %al
  71 004b 7416     	        jz      e820_end
  72              	
  73 004d FE0E1B00 	        decb    (e820_mmap_maxsize)
  74 0051 89F8     	        movw    %di, %ax
  75 0053 83C014   	        addw    $20, %ax
  76 0056 89C7     	        movw    %ax, %di
  77 0058 EBC8     	        jmp     e820_start              # get the next memory map
  78              	
  79              	e820_error:
  80 005a E8FEFF   	        call    print_all_registers
  81 005d BED102   	        movw    $e820_fail_mes, %si
  82 0060 E82202   	        call    printstr
  83              	        
  84              	e820_end:
  85              	
  86              	/* We have to get the memory size. 
  87              	 * This function is the getting physical memory size from BIOS.
  88              	 *  If memory size is less than 64MB, this function will be failed.
  89              	 *  At the time, we'll use the 88 function.     
  90              	 */
  91              	                
  92              	e801_start:
  93 0063 B801E8   	        movw    $0xe801, %ax
  94 0066 CD15     	        int     $0x15
  95 0068 721E     	        jc      e801_error
  96              	#if DEBUG
  97 006a E8FEFF   	        call    print_all_registers
  98              	#endif      
  99 006d 53       	        pushw   %bx
 100 006e C1E80A   	        shr     $10, %ax
 101 0071 30E4     	        xorb    %ah, %ah
 102 0073 FEC0     	        incb    %al
 103 0075 A30000   	        movw    %ax, (MEMORY_SIZE)
 104 0078 5B       	        popw    %bx
 105 0079 C1EB04   	        shr     $4, %bx
 106 007c 011E0000 	        addw    %bx, (MEMORY_SIZE)
 107              	
 108              	#if DEBUG
 109 0080 A10000   	        movw    (MEMORY_SIZE), %ax
GAS LISTING bootmiddle.S 			page 3


 110 0083 E8BB01   	        call    print_register
 111              	#endif
 112              	                        
 113 0086 EB2E     	        jmp     mem_check_end
 114              	
 115              	e801_error:     
 116 0088 E8FEFF   	        call    print_all_registers
 117 008b BEF602   	        movw    $e801_fail_mes, %si
 118 008e E8F401   	        call    printstr
 119              	
 120              	/* This function have the feature getting memory size less than 64MB
 121              	 *  If this function also fail, we set 64MB as default memory size.
 122              	 */                             
 123              	m88_start:
 124 0091 B488     	        movb    $0x88, %ah
 125 0093 CD15     	        int     $0x15
 126 0095 C1E80A   	        shr     $10, %ax
 127 0098 30E4     	        xorb    %ah, %ah
 128 009a FEC0     	        incb    %al
 129 009c A30000   	        movw    %ax, (MEMORY_SIZE)      
 130              	#if DEBUG
 131 009f A10000   	        movw    (MEMORY_SIZE), %ax
 132 00a2 E89C01   	        call    print_register
 133              	#endif      
 134              	        
 135 00a5 EB0F     	        jmp     mem_check_end
 136              	
 137              	m88_error:      
 138 00a7 E8FEFF   	        call    print_all_registers
 139 00aa BE2503   	        movw    $m88_fail_mes, %si
 140 00ad E8D501   	        call    printstr
 141              	
 142              	mem_set_default:
 143 00b0 B84000   	        movw    $0x40, %ax              # set 64MB
 144 00b3 A30000   	        movw    %ax, (MEMORY_SIZE)
 145              	
 146              	mem_check_end:
 147              	
 148              	        
 149              	
 150              	a20_start:              
 151 00b6 FA       	        cli                             # ignore interrupt
 152 00b7 B080     	        movb    $0x80, %al
 153 00b9 E670     	        outb    %al, $0x70              # stop NMI
 154 00bb EB01     	        jmp     a20_main_loop
 155              	
 156 00bd FF       	a20_loop_tries: .byte 0xff  # we try to test the following process 0xff times
 157              	a20_main_loop:
 158 00be E89300   	        call    a20_test                # check if a20's test is already done
 159 00c1 7546     	        jnz     a20_end
 160              	
 161              	a20_bios:
 162 00c3 B80124   	        movw    $0x2401, %ax
 163 00c6 669C     	        pushfl
 164 00c8 CD15     	        int     $0x15
 165 00ca 669D     	        popfl
 166              	
GAS LISTING bootmiddle.S 			page 4


 167 00cc E88500   	        call    a20_test
 168 00cf 7538     	        jnz     a20_end
 169              	        
 170              	a20_kbc:
 171 00d1 E8AB00   	        call    a20_kbc_empty_check
 172              	
 173 00d4 E87D00   	        call    a20_test                # just in case
 174 00d7 7530     	        jnz     a20_end
 175              	
 176 00d9 B0D1     	        movb    $0xd1, %al
 177 00db E664     	        outb    %al, $0x64
 178 00dd E89F00   	        call    a20_kbc_empty_check
 179              	
 180              	a20_kbc_wait:   
 181 00e0 31C9     	        xorw    %cx, %cx
 182              	a20_kbc_wait_loop:      
 183 00e2 E86F00   	        call    a20_test
 184 00e5 7522     	        jnz     a20_end
 185 00e7 E2F9     	        loop    a20_kbc_wait_loop
 186              	        
 187              	a20_fast:       
 188 00e9 E492     	        inb     $0x92, %al
 189 00eb 0C02     	        orb     $0x02, %al
 190 00ed 24FE     	        andb    $0xfe, %al
 191 00ef E692     	        outb    %al, $0x92
 192              	
 193              	a20_fast_wait:
 194 00f1 31C9     	        xorw    %cx, %cx
 195              	a20_fast_wait_loop:     
 196 00f3 E85E00   	        call    a20_test
 197 00f6 7511     	        jnz     a20_end
 198 00f8 E2F9     	        loop    a20_fast_wait_loop      
 199              	        
 200 00fa FE0EBD00 	        decb    (a20_loop_tries)
 201 00fe 75BE     	        jnz     a20_main_loop
 202              	
 203 0100 BE5203   	        movw    $a20_fail_mes, %si
 204 0103 E87F01   	        call    printstr
 205              	
 206              	a20_fail:       
 207 0106 F4       	        hlt
 208 0107 EBFD     	        jmp     a20_fail                
 209              	        
 210              	a20_end:                
 211              	
 212 0109 6631C0   	        xorl    %eax, %eax
 213 010c 8CD8     	        movw    %ds, %ax
 214 010e 66C1E004 	        shll    $4, %eax
 215 0112 6605F505 	        addl    $gdt, %eax
 215      0000
 216 0118 66A3F105 	        movl    %eax, (gdtr+2)
 217              	
 218 011c 0F0116EF 	        lgdt    gdtr
 218      05
 219 0121 0F011E15 	        lidt    idtr
 219      06
 220              	
GAS LISTING bootmiddle.S 			page 5


 221 0126 B80100   	        movw    $1, %ax
 222 0129 0F01F0   	        lmsw    %ax
 223 012c EB00     	        jmp     flush_pipe_queue
 224              	        
 225              	flush_pipe_queue:
 226 012e 66EA     	        .byte   0x66, 0xea
 227 0130 95020900 	        .long   first_code32 + 0x90000
 228 0134 0800     	        .word   __KERNEL_CS
 229              	
 230              	
 231              	print_mmap:
 232 0136 60       	        pusha
 233 0137 BE6F03   	        movw    $MEMORY_MAP, %si
 234 013a BA2000   	        movw    $0x20, %dx
 235              	print_mmap_start:           
 236 013d B91400   	        movw    $20, %cx
 237              	print_mmap_itr_start:
 238 0140 AC       	        lodsb
 239 0141 0430     	        addb    $0x30, %al
 240 0143 B40E     	        movb    $0x0e, %ah
 241 0145 B700     	        movb    $0, %bh
 242 0147 CD10     	        int     $0x10
 243 0149 49       	        decw    %cx
 244 014a 83F900   	        cmpw    $0, %cx
 245 014d 75F1     	        jnz     print_mmap_itr_start
 246              	print_mmap_itr_end:
 247 014f 4A       	        decw    %dx
 248 0150 75EB     	        jnz     print_mmap_start        
 249 0152 61       	        popa
 250 0153 C3       	        ret
 251              	
 252              	A20_NUM_OF_TEST = 8             # In Linux, this param is 32, but I think
 253              	                                # it is enough by two times.
 254              	A20_CHECK_ADDR  = 0x100             
 255              	
 256              	# If this test fail, it won't return zero flag      
 257              	a20_test:       
 258 0154 60       	        pusha
 259 0155 31DB     	        xorw    %bx, %bx
 260 0157 8EE3     	        movw    %bx, %fs                # fs = 0x0000
 261 0159 43       	        incw    %bx
 262 015a 8EEB     	        movw    %bx, %gs                # gs = 0xffff
 263 015c B90800   	        movw    $A20_NUM_OF_TEST, %cx
 264 015f 64A10001 	        movw    %fs:(A20_CHECK_ADDR), %ax
 265 0163 50       	        pushw   %ax
 266              	a20_test_loop:
 267 0164 40       	        incw    %ax
 268 0165 64A30001 	        movw    %ax, %fs:(A20_CHECK_ADDR)
 269 0169 E80A00   	        call    delay
 270 016c 653B0610 	        cmpw    %gs:(A20_CHECK_ADDR+0x10), %ax
 270      01
 271              	                                        # 0xffff0 + 0x10 + 0x100 = 0x100100
 272 0171 E1F1     	        loope   a20_test_loop
 273 0173 58       	        popw    %ax
 274 0174 61       	        popa
 275 0175 C3       	        ret
 276              	
GAS LISTING bootmiddle.S 			page 6


 277              	delay:
 278 0176 51       	        pushw   %cx
 279 0177 B92000   	        movw    $32, %cx
 280              	delay_loop:             
 281 017a 90       	        nop
 282 017b E2FD     	        loop    delay_loop
 283 017d 59       	        popw    %cx
 284 017e C3       	        ret
 285              	
 286              	
 287              	a20_kbc_empty_check:
 288 017f 6651     	        pushl   %ecx
 289 0181 66B9A086 	        movl    $100000, %ecx
 289      0100
 290              	a20_kbc_empty_check_loop:       
 291 0187 6649     	        decl    %ecx
 292 0189 7414     	        jz      a20_kbc_empty_check_end
 293 018b E8E8FF   	        call    delay
 294 018e E464     	        inb     $0x64, %al
 295 0190 A801     	        testb   $1, %al
 296 0192 7407     	        jz      no_output
 297 0194 E8DFFF   	        call    delay
 298 0197 E460     	        inb     $0x60, %al
 299 0199 EBEC     	        jmp     a20_kbc_empty_check_loop
 300              	no_output:      
 301 019b A802     	        testb   $2, %al
 302 019d 75E8     	        jnz     a20_kbc_empty_check_loop        
 303              	a20_kbc_empty_check_end:        
 304 019f 6659     	        popl    %ecx                
 305 01a1 C3       	        ret             
 306              	
 307              	#########################################               
 308              	# for debug
 309              	#########################################                       
 310 01a2 61783A00 	_ax:    .ascii "ax:\0"
 311 01a6 62783A00 	_bx:    .ascii "bx:\0"
 312 01aa 63783A00 	_cx:    .ascii "cx:\0"
 313 01ae 64783A00 	_dx:    .ascii "dx:\0"
 314 01b2 73693A00 	_si:    .ascii "si:\0"
 315 01b6 64693A00 	_di:    .ascii "di:\0"
 316 01ba 73703A00 	_sp:    .ascii "sp:\0"
 317 01be 63733A00 	_cs:    .ascii "cs:\0"
 318 01c2 64733A00 	_ds:    .ascii "ds:\0"
 319 01c6 65733A00 	_es:    .ascii "es:\0"
 320 01ca 73733A00 	_ss:    .ascii "ss:\0"
 321 01ce 2000     	_space: .ascii " \0"        
 322              	        
 323              	print_all_registers:        
 324 01d0 60       	        pusha
 325 01d1 56       	        pushw   %si
 326              	        
 327 01d2 BEA201   	        movw    $_ax, %si
 328 01d5 E8AD00   	        call    printstr
 329 01d8 E86600   	        call    print_register  # print ax
 330              	        
 331 01db BEA601   	        movw    $_bx, %si
 332 01de E8A400   	        call    printstr
GAS LISTING bootmiddle.S 			page 7


 333 01e1 89D8     	        movw    %bx, %ax
 334 01e3 E85B00   	        call    print_register  # print bx
 335              	
 336 01e6 BEAA01   	        movw    $_cx, %si
 337 01e9 E89900   	        call    printstr
 338 01ec 89C8     	        movw    %cx, %ax
 339 01ee E85000   	        call    print_register  # print cx
 340              	        
 341 01f1 BEAE01   	        movw    $_dx, %si
 342 01f4 E88E00   	        call    printstr
 343 01f7 89D0     	        movw    %dx, %ax
 344 01f9 E84500   	        call    print_register  # print dx
 345              	
 346 01fc BEB201   	        movw    $_si, %si
 347 01ff E88300   	        call    printstr
 348 0202 5E       	        popw    %si
 349 0203 89F0     	        movw    %si, %ax
 350 0205 E83900   	        call    print_register  # print si
 351              	
 352 0208 BEB601   	        movw    $_di, %si
 353 020b E87700   	        call    printstr
 354 020e 89F8     	        movw    %di, %ax
 355 0210 E82E00   	        call    print_register  # print di
 356              	
 357 0213 BEBE01   	        movw    $_cs, %si
 358 0216 E86C00   	        call    printstr
 359 0219 8CC8     	        movw    %cs, %ax
 360 021b E82300   	        call    print_register  # print cs
 361              	
 362 021e BEC201   	        movw    $_ds, %si
 363 0221 E86100   	        call    printstr
 364 0224 8CD8     	        movw    %ds, %ax
 365 0226 E81800   	        call    print_register  # print ds
 366              	
 367 0229 BEC601   	        movw    $_es, %si
 368 022c E85600   	        call    printstr
 369 022f 8CC0     	        movw    %es, %ax
 370 0231 E80D00   	        call    print_register  # print es
 371              	
 372 0234 BECA01   	        movw    $_ss, %si
 373 0237 E84B00   	        call    printstr
 374 023a 8CD0     	        movw    %ss, %ax
 375 023c E80200   	        call    print_register  # print ss
 376              	        
 377 023f 61       	        popa
 378 0240 C3       	        ret     
 379              	
 380              	print_register: # print %ax
 381 0241 50       	        pushw   %ax
 382 0242 C1E808   	        shr     $8, %ax
 383 0245 E80D00   	        call    print_char
 384 0248 58       	        popw    %ax
 385 0249 E80900   	        call    print_char
 386 024c 56       	        pushw   %si
 387 024d BECE01   	        movw    $_space, %si
 388 0250 E83200   	        call    printstr
 389 0253 5E       	        popw    %si
GAS LISTING bootmiddle.S 			page 8


 390 0254 C3       	        ret             
 391              	
 392              	print_char:
 393 0255 53       	        pushw   %bx     
 394 0256 50       	        pushw   %ax
 395 0257 C0E804   	        shr     $4, %al
 396 025a 3C09     	        cmpb    $9, %al
 397              	        
 398 025c 7704     	        ja      print_check1
 399 025e 0430     	        addb    $0x30, %al
 400 0260 EB02     	        jmp     print_check1_end
 401              	print_check1:
 402 0262 0437     	        addb    $0x37, %al
 403              	print_check1_end:
 404              	        
 405 0264 B40E     	        movb    $0x0e, %ah
 406 0266 30FF     	        xorb    %bh, %bh
 407 0268 CD10     	        int     $0x10
 408 026a 58       	        popw    %ax
 409 026b 88C3     	        movb    %al, %bl
 410 026d 50       	        pushw   %ax
 411 026e 88D8     	        movb    %bl, %al
 412 0270 240F     	        andb    $0x0f, %al
 413              	
 414 0272 3C09     	        cmpb    $9, %al
 415 0274 7704     	        ja      print_check2
 416 0276 0430     	        addb    $0x30, %al
 417 0278 EB02     	        jmp     print_check2_end
 418              	print_check2:
 419 027a 0437     	        addb    $0x37, %al
 420              	print_check2_end:
 421              	        
 422 027c B40E     	        movb    $0x0e, %ah
 423 027e 30FF     	        xorb    %bh, %bh
 424 0280 CD10     	        int     $0x10
 425 0282 58       	        popw    %ax
 426 0283 5B       	        popw    %bx     
 427 0284 C3       	        ret
 428              	
 429              	printstr:
 430 0285 60       	        pusha
 431              	printstr_start:
 432 0286 AC       	        lodsb
 433 0287 3C00     	        cmpb    $0, %al
 434 0289 7408     	        jz      printstr_end
 435 028b B40E     	        movb    $0x0e, %ah
 436 028d B700     	        movb    $0, %bh
 437 028f CD10     	        int     $0x10
 438 0291 EBF3     	        jmp     printstr_start
 439              	printstr_end:
 440 0293 61       	        popa
 441 0294 C3       	        ret
 442              	                
 443              	
 444              	.code32
 445              	.text
 446              	first_code32:
GAS LISTING bootmiddle.S 			page 9


 447 0295 B8100000 	        movl    $0x10, %eax
 447      00
 448 029a 8ED8     	        movw    %ax, %ds
 449 029c 8EC0     	        movw    %ax, %es
 450 029e 8EE0     			movw	%ax, %fs
 451 02a0 8EE8     			movw	%ax, %gs
 452              	        #movl    $0x18, %eax
 453 02a2 8ED0     	        movw    %ax, %ss
 454 02a4 BC00C009 	        movl    $0x9c000, %esp
 454      00
 455              	
 456 02a9 EA001000 	        ljmp    $__KERNEL_CS, $0x1000
 456      000800
 457              	
 458              	forever:   
 459 02b0 EBFE     	        jmp     forever        
 460              	        
 461              	sec_boot_mes:   
 462 02b2 54686973 	        .ascii  "This is middle boot section.\r\n\0"
 462      20697320 
 462      6D696464 
 462      6C652062 
 462      6F6F7420 
 463              	e820_fail_mes:  
 464 02d1 65383230 	        .ascii  "e820: getting memory map is failed\r\n\0"
 464      3A206765 
 464      7474696E 
 464      67206D65 
 464      6D6F7279 
 465              	e801_fail_mes:
 466 02f6 65383031 	        .ascii  "e801: getting memory size function is failed\r\n\0"
 466      3A206765 
 466      7474696E 
 466      67206D65 
 466      6D6F7279 
 467              	m88_fail_mes:           
 468 0325 38383A20 	        .ascii  "88: getting memory size function is failed\r\n\0"
 468      67657474 
 468      696E6720 
 468      6D656D6F 
 468      72792073 
 469              	a20_fail_mes:   
 470 0352 61323020 	        .ascii  "a20 enable function failed\r\n\0"      
 470      656E6162 
 470      6C652066 
 470      756E6374 
 470      696F6E20 
 471              	                
 472              	MEMORY_MAP:
 473              	        .rept 32
 474              	        .long 0         # addr
 475              	        .long 0
 476              	        
 477              	        .long 0         # size
 478              	        .long 0
 479              	        
 480              	        .long 0         # type
GAS LISTING bootmiddle.S 			page 10


 481              	        .endr
 482              	
 483              	#MEMORY_SIZE:   
 484              	#       .word   0       
 485              	
 486 05ef 1F00     	gdtr:   .word   gdt_end - gdt - 1
 487 05f1 00000000 	        .long   0       # filled in code
 488              	gdt:
 489              	gdt00h:                 #It's dummy for cpu
 490 05f5 0000     	        .word   0       #selector 00h
 491 05f7 0000     	        .word   0
 492 05f9 00       	        .byte   0
 493 05fa 00       	        .byte   0
 494 05fb 00       	        .byte   0
 495 05fc 00       	        .byte   0
 496              	gdt08h:                 #code segment
 497 05fd FFFF     	        .word   0xFFFF  #selector 08h
 498 05ff 0000     	        .word   0
 499 0601 00       	        .byte   0
 500 0602 9A       	        .byte   0x9A    # P=1, DPL=0, S=1, TYPE=5, A=0
 501 0603 CF       	        .byte   0xCF    # G=1, D=1
 502 0604 00       	        .byte   0
 503              	gdt10h:                 #data segment
 504 0605 FFFF     	        .word   0xFFFF  #selector 10h
 505 0607 0000     	        .word   0
 506 0609 00       	        .byte   0
 507 060a 92       	        .byte   0x92    # P=1, DPL=0, S=1, TYPE=1, A=0
 508 060b CF       	        .byte   0xCF    # G=1, D=1
 509 060c 00       	        .byte   0
 510              	gdt18h:                 #stack segment
 511 060d 0000     	        .word   0       #selector 18h 
 512 060f 0000     	        .word   0x0
 513 0611 00       	        .byte   0x0
 514              	        #.byte   0x96    # P=1, DPL=0, S=1, TYPE=3, A=0
 515 0612 92       	        .byte   0x92    # P=1, DPL=0, S=1, TYPE=1, A=0		
 516 0613 C0       	        .byte   0xC0    # G=1, D=1
 517 0614 00       	        .byte   0                       
 518              	gdt_end:                
 519              	
 520 0615 0000     	idtr:   .word   0
 521 0617 00000000 	        .word   0, 0
 522              	
 523 061b 00000000 	        .org 0x800
 523      00000000 
 523      00000000 
 523      00000000 
 523      00000000 
GAS LISTING bootmiddle.S 			page 11


DEFINED SYMBOLS
        bootmiddle.S:17     *ABS*:00009000 INITSEG
        bootmiddle.S:18     *ABS*:00000008 __KERNEL_CS
        bootmiddle.S:20     *ABS*:00000000 MEMORY_SIZE
        bootmiddle.S:26     .text:00000000 _start
        bootmiddle.S:27     .text:00000000 middle_start
        bootmiddle.S:323    .text:000001d0 print_all_registers
        bootmiddle.S:53     .text:0000001c pre_e820
        bootmiddle.S:50     .text:0000001b e820_mmap_maxsize
        bootmiddle.S:51     *ABS*:534d4150 SMAP
        bootmiddle.S:472    .text:0000036f MEMORY_MAP
        bootmiddle.S:57     .text:00000022 e820_start
        bootmiddle.S:79     .text:0000005a e820_error
        bootmiddle.S:84     .text:00000063 e820_end
        bootmiddle.S:463    .text:000002d1 e820_fail_mes
        bootmiddle.S:429    .text:00000285 printstr
        bootmiddle.S:92     .text:00000063 e801_start
        bootmiddle.S:115    .text:00000088 e801_error
        bootmiddle.S:380    .text:00000241 print_register
        bootmiddle.S:146    .text:000000b6 mem_check_end
        bootmiddle.S:465    .text:000002f6 e801_fail_mes
        bootmiddle.S:123    .text:00000091 m88_start
        bootmiddle.S:137    .text:000000a7 m88_error
        bootmiddle.S:467    .text:00000325 m88_fail_mes
        bootmiddle.S:142    .text:000000b0 mem_set_default
        bootmiddle.S:150    .text:000000b6 a20_start
        bootmiddle.S:157    .text:000000be a20_main_loop
        bootmiddle.S:156    .text:000000bd a20_loop_tries
        bootmiddle.S:257    .text:00000154 a20_test
        bootmiddle.S:210    .text:00000109 a20_end
        bootmiddle.S:161    .text:000000c3 a20_bios
        bootmiddle.S:170    .text:000000d1 a20_kbc
        bootmiddle.S:287    .text:0000017f a20_kbc_empty_check
        bootmiddle.S:180    .text:000000e0 a20_kbc_wait
        bootmiddle.S:182    .text:000000e2 a20_kbc_wait_loop
        bootmiddle.S:187    .text:000000e9 a20_fast
        bootmiddle.S:193    .text:000000f1 a20_fast_wait
        bootmiddle.S:195    .text:000000f3 a20_fast_wait_loop
        bootmiddle.S:469    .text:00000352 a20_fail_mes
        bootmiddle.S:206    .text:00000106 a20_fail
        bootmiddle.S:488    .text:000005f5 gdt
        bootmiddle.S:486    .text:000005ef gdtr
        bootmiddle.S:520    .text:00000615 idtr
        bootmiddle.S:225    .text:0000012e flush_pipe_queue
        bootmiddle.S:446    .text:00000295 first_code32
        bootmiddle.S:231    .text:00000136 print_mmap
        bootmiddle.S:235    .text:0000013d print_mmap_start
        bootmiddle.S:237    .text:00000140 print_mmap_itr_start
        bootmiddle.S:246    .text:0000014f print_mmap_itr_end
        bootmiddle.S:252    *ABS*:00000008 A20_NUM_OF_TEST
        bootmiddle.S:254    *ABS*:00000100 A20_CHECK_ADDR
        bootmiddle.S:266    .text:00000164 a20_test_loop
        bootmiddle.S:277    .text:00000176 delay
        bootmiddle.S:280    .text:0000017a delay_loop
        bootmiddle.S:290    .text:00000187 a20_kbc_empty_check_loop
        bootmiddle.S:303    .text:0000019f a20_kbc_empty_check_end
        bootmiddle.S:300    .text:0000019b no_output
GAS LISTING bootmiddle.S 			page 12


        bootmiddle.S:310    .text:000001a2 _ax
        bootmiddle.S:311    .text:000001a6 _bx
        bootmiddle.S:312    .text:000001aa _cx
        bootmiddle.S:313    .text:000001ae _dx
        bootmiddle.S:314    .text:000001b2 _si
        bootmiddle.S:315    .text:000001b6 _di
        bootmiddle.S:316    .text:000001ba _sp
        bootmiddle.S:317    .text:000001be _cs
        bootmiddle.S:318    .text:000001c2 _ds
        bootmiddle.S:319    .text:000001c6 _es
        bootmiddle.S:320    .text:000001ca _ss
        bootmiddle.S:321    .text:000001ce _space
        bootmiddle.S:392    .text:00000255 print_char
        bootmiddle.S:401    .text:00000262 print_check1
        bootmiddle.S:403    .text:00000264 print_check1_end
        bootmiddle.S:418    .text:0000027a print_check2
        bootmiddle.S:420    .text:0000027c print_check2_end
        bootmiddle.S:431    .text:00000286 printstr_start
        bootmiddle.S:439    .text:00000293 printstr_end
        bootmiddle.S:458    .text:000002b0 forever
        bootmiddle.S:461    .text:000002b2 sec_boot_mes
        bootmiddle.S:518    .text:00000615 gdt_end
        bootmiddle.S:489    .text:000005f5 gdt00h
        bootmiddle.S:496    .text:000005fd gdt08h
        bootmiddle.S:503    .text:00000605 gdt10h
        bootmiddle.S:510    .text:0000060d gdt18h

NO UNDEFINED SYMBOLS
